Archive member included to satisfy reference by file (symbol)

c:/progra~2/gnuarm~1/102021~1.10/bin/../lib/gcc/arm-none-eabi/10.3.1/thumb/v6-m/nofp\libgcc.a(_dvmd_tls.o)
                              CMakeFiles/blink.dir/D_/YQRepo/pico/pico-sdk/src/rp2_common/pico_divider/divider.S.obj (__aeabi_idiv0)
c:/progra~2/gnuarm~1/102021~1.10/bin/../lib/gcc/arm-none-eabi/10.3.1/../../../../arm-none-eabi/lib/thumb/v6-m/nofp\libc.a(lib_a-calloc.o)
                              CMakeFiles/blink.dir/D_/YQRepo/pico/pico-sdk/src/rp2_common/pico_malloc/pico_malloc.c.obj (calloc)
c:/progra~2/gnuarm~1/102021~1.10/bin/../lib/gcc/arm-none-eabi/10.3.1/../../../../arm-none-eabi/lib/thumb/v6-m/nofp\libc.a(lib_a-callocr.o)
                              c:/progra~2/gnuarm~1/102021~1.10/bin/../lib/gcc/arm-none-eabi/10.3.1/../../../../arm-none-eabi/lib/thumb/v6-m/nofp\libc.a(lib_a-calloc.o) (_calloc_r)
c:/progra~2/gnuarm~1/102021~1.10/bin/../lib/gcc/arm-none-eabi/10.3.1/../../../../arm-none-eabi/lib/thumb/v6-m/nofp\libc.a(lib_a-errno.o)
                              c:/progra~2/gnuarm~1/102021~1.10/bin/../lib/gcc/arm-none-eabi/10.3.1/../../../../arm-none-eabi/lib/thumb/v6-m/nofp\libc.a(lib_a-callocr.o) (__errno)
c:/progra~2/gnuarm~1/102021~1.10/bin/../lib/gcc/arm-none-eabi/10.3.1/../../../../arm-none-eabi/lib/thumb/v6-m/nofp\libc.a(lib_a-impure.o)
                              c:/progra~2/gnuarm~1/102021~1.10/bin/../lib/gcc/arm-none-eabi/10.3.1/../../../../arm-none-eabi/lib/thumb/v6-m/nofp\libc.a(lib_a-calloc.o) (_impure_ptr)
c:/progra~2/gnuarm~1/102021~1.10/bin/../lib/gcc/arm-none-eabi/10.3.1/../../../../arm-none-eabi/lib/thumb/v6-m/nofp\libc.a(lib_a-init.o)
                              c:/progra~2/gnuarm~1/102021~1.10/bin/../lib/gcc/arm-none-eabi/10.3.1/../../../../arm-none-eabi/lib/thumb/v6-m/nofp/crt0.o (__libc_init_array)
c:/progra~2/gnuarm~1/102021~1.10/bin/../lib/gcc/arm-none-eabi/10.3.1/../../../../arm-none-eabi/lib/thumb/v6-m/nofp\libc.a(lib_a-malloc.o)
                              CMakeFiles/blink.dir/D_/YQRepo/pico/pico-sdk/src/rp2_common/pico_malloc/pico_malloc.c.obj (malloc)
c:/progra~2/gnuarm~1/102021~1.10/bin/../lib/gcc/arm-none-eabi/10.3.1/../../../../arm-none-eabi/lib/thumb/v6-m/nofp\libc.a(lib_a-mallocr.o)
                              c:/progra~2/gnuarm~1/102021~1.10/bin/../lib/gcc/arm-none-eabi/10.3.1/../../../../arm-none-eabi/lib/thumb/v6-m/nofp\libc.a(lib_a-callocr.o) (_malloc_r)
c:/progra~2/gnuarm~1/102021~1.10/bin/../lib/gcc/arm-none-eabi/10.3.1/../../../../arm-none-eabi/lib/thumb/v6-m/nofp\libc.a(lib_a-mlock.o)
                              c:/progra~2/gnuarm~1/102021~1.10/bin/../lib/gcc/arm-none-eabi/10.3.1/../../../../arm-none-eabi/lib/thumb/v6-m/nofp\libc.a(lib_a-mallocr.o) (__malloc_lock)
c:/progra~2/gnuarm~1/102021~1.10/bin/../lib/gcc/arm-none-eabi/10.3.1/../../../../arm-none-eabi/lib/thumb/v6-m/nofp\libc.a(lib_a-rand.o)
                              CMakeFiles/blink.dir/main.c.obj (rand)
c:/progra~2/gnuarm~1/102021~1.10/bin/../lib/gcc/arm-none-eabi/10.3.1/../../../../arm-none-eabi/lib/thumb/v6-m/nofp\libc.a(lib_a-realloc.o)
                              CMakeFiles/blink.dir/D_/YQRepo/pico/pico-sdk/src/rp2_common/pico_malloc/pico_malloc.c.obj (realloc)
c:/progra~2/gnuarm~1/102021~1.10/bin/../lib/gcc/arm-none-eabi/10.3.1/../../../../arm-none-eabi/lib/thumb/v6-m/nofp\libc.a(lib_a-reallocr.o)
                              c:/progra~2/gnuarm~1/102021~1.10/bin/../lib/gcc/arm-none-eabi/10.3.1/../../../../arm-none-eabi/lib/thumb/v6-m/nofp\libc.a(lib_a-realloc.o) (_realloc_r)
c:/progra~2/gnuarm~1/102021~1.10/bin/../lib/gcc/arm-none-eabi/10.3.1/../../../../arm-none-eabi/lib/thumb/v6-m/nofp\libc.a(lib_a-sbrkr.o)
                              c:/progra~2/gnuarm~1/102021~1.10/bin/../lib/gcc/arm-none-eabi/10.3.1/../../../../arm-none-eabi/lib/thumb/v6-m/nofp\libc.a(lib_a-mallocr.o) (_sbrk_r)
c:/progra~2/gnuarm~1/102021~1.10/bin/../lib/gcc/arm-none-eabi/10.3.1/../../../../arm-none-eabi/lib/thumb/v6-m/nofp\libc.a(lib_a-strlen-stub.o)
                              CMakeFiles/blink.dir/D_/YQRepo/pico/pico-sdk/src/rp2_common/pico_stdio/stdio.c.obj (strlen)
c:/progra~2/gnuarm~1/102021~1.10/bin/../lib/gcc/arm-none-eabi/10.3.1/../../../../arm-none-eabi/lib/thumb/v6-m/nofp\libc.a(lib_a-freer.o)
                              c:/progra~2/gnuarm~1/102021~1.10/bin/../lib/gcc/arm-none-eabi/10.3.1/../../../../arm-none-eabi/lib/thumb/v6-m/nofp\libc.a(lib_a-malloc.o) (_free_r)
c:/progra~2/gnuarm~1/102021~1.10/bin/../lib/gcc/arm-none-eabi/10.3.1/../../../../arm-none-eabi/lib/thumb/v6-m/nofp\libc.a(lib_a-lock.o)
                              c:/progra~2/gnuarm~1/102021~1.10/bin/../lib/gcc/arm-none-eabi/10.3.1/../../../../arm-none-eabi/lib/thumb/v6-m/nofp\libc.a(lib_a-mlock.o) (__retarget_lock_acquire_recursive)
c:/progra~2/gnuarm~1/102021~1.10/bin/../lib/gcc/arm-none-eabi/10.3.1/../../../../arm-none-eabi/lib/thumb/v6-m/nofp\libc.a(lib_a-memmove.o)
[...]
Memory Configuration

Name             Origin             Length             Attributes
FLASH            0x10000000         0x00200000         xr
RAM              0x20000000         0x00040000         xrw
SCRATCH_X        0x20040000         0x00001000         xrw
SCRATCH_Y        0x20041000         0x00001000         xrw
*default*        0x00000000         0xffffffff

Linker script and memory map

LOAD c:/progra~2/gnuarm~1/102021~1.10/bin/../lib/gcc/arm-none-eabi/10.3.1/thumb/v6-m/nofp/crti.o
LOAD c:/progra~2/gnuarm~1/102021~1.10/bin/../lib/gcc/arm-none-eabi/10.3.1/thumb/v6-m/nofp/crtbegin.o
LOAD c:/progra~2/gnuarm~1/102021~1.10/bin/../lib/gcc/arm-none-eabi/10.3.1/../../../../arm-none-eabi/lib/thumb/v6-m/nofp/crt0.o

.flash_begin    0x10000000        0x0
                0x10000000                __flash_binary_start = .

.boot2          0x10000000      0x100
                0x10000000                __boot2_start__ = .
 *(.boot2)
 .boot2         0x10000000      0x100 C:\Users\User\AppData\Local\Temp\ccoiXnvB.o
                0x10000100                __boot2_end__ = .
                0x00000001                ASSERT (((__boot2_end__ - __boot2_start__) == 0x100), ERROR: Pico second stage bootloader must be 256 bytes in size)

.text           0x10000100     0x4e80
                0x10000100                __logical_binary_start = .
 *(.vectors)
 .vectors       0x10000100       0xd4 CMakeFiles/blink.dir/D_/YQRepo/pico/pico-sdk/src/rp2_common/pico_standard_link/crt0.S.obj
                0x10000100                __VECTOR_TABLE
                0x10000100                __vectors
                0x100001c0                isr_invalid
                0x100001c0                __default_isrs_start
                0x100001c2                isr_nmi
                0x100001c4                isr_hardfault
                0x100001c6                isr_svcall
                0x100001c8                isr_pendsv
                0x100001ca                isr_systick
                0x100001cc                isr_irq23
                0x100001cc                isr_irq18
                0x100001cc                isr_irq11
                0x100001cc                isr_irq28
                0x100001cc                isr_irq19
                0x100001cc                isr_irq0
                0x100001cc                isr_irq6
                0x100001cc                isr_irq5
                0x100001cc                isr_irq12
                0x100001cc                isr_irq22
                0x100001cc                isr_irq31
                0x100001cc                isr_irq17
                0x100001cc                isr_irq27
                0x100001cc                isr_irq30
                0x100001cc                isr_irq2
                0x100001cc                isr_irq10
                0x100001cc                isr_irq8
                0x100001cc                isr_irq24
                0x100001cc                isr_irq1
                0x100001cc                isr_irq7
                0x100001cc                isr_irq21
                0x100001cc                isr_irq20
                0x100001cc                isr_irq15
                0x100001cc                isr_irq25
                0x100001cc                isr_irq13
                0x100001cc                __unhandled_user_irq
                0x100001cc                isr_irq4
                0x100001cc                isr_irq16
                0x100001cc                isr_irq29
                0x100001cc                isr_irq26
                0x100001cc                __default_isrs_end
                0x100001cc                isr_irq3
                0x100001cc                isr_irq14
                0x100001cc                isr_irq9
                0x100001d2                unhandled_user_irq_num_in_r0
 *(.binary_info_header)
 .binary_info_header
                0x100001d4       0x14 CMakeFiles/blink.dir/D_/YQRepo/pico/pico-sdk/src/rp2_common/pico_standard_link/crt0.S.obj
                0x100001e8                __binary_info_header_end = .
 *(.reset)
 .reset         0x100001e8       0xa0 CMakeFiles/blink.dir/D_/YQRepo/pico/pico-sdk/src/rp2_common/pico_standard_link/crt0.S.obj
                0x100001e8                _entry_point
 .reset         0x10000288       0x30 CMakeFiles/blink.dir/D_/YQRepo/pico/pico-sdk/src/rp2_common/pico_standard_link/binary_info.c.obj
 *(.init)
 .init          0x100002b8        0x4 c:/progra~2/gnuarm~1/102021~1.10/bin/../lib/gcc/arm-none-eabi/10.3.1/thumb/v6-m/nofp/crti.o
                0x100002b8                _init
 *(EXCLUDE_FILE(*libm.a: *libc.a:*lib_a-mem*.o *libgcc.a:) .text*)
 .text          0x100002bc       0x48 c:/progra~2/gnuarm~1/102021~1.10/bin/../lib/gcc/arm-none-eabi/10.3.1/thumb/v6-m/nofp/crtbegin.o
 .text.UART_RX_INTB
                0x10000304       0x8c CMakeFiles/blink.dir/main.c.obj
                0x10000304                UART_RX_INTB
 .text.Execute_Simulator_CMD.part.0
                0x10000390      0x4d4 CMakeFiles/blink.dir/main.c.obj
 .text.startup.main
                0x10000864      0x190 CMakeFiles/blink.dir/main.c.obj
                0x10000864                main
 .text.gpio_set_function
                0x100009f4       0x30 CMakeFiles/blink.dir/D_/YQRepo/pico/pico-sdk/src/rp2_common/hardware_gpio/gpio.c.obj
                0x100009f4                gpio_set_function
 .text.gpio_init
                0x10000a24       0x3c CMakeFiles/blink.dir/D_/YQRepo/pico/pico-sdk/src/rp2_common/hardware_gpio/gpio.c.obj
                0x10000a24                gpio_init
 .text.running_on_fpga
                0x10000a60       0x10 CMakeFiles/blink.dir/D_/YQRepo/pico/pico-sdk/src/rp2_common/pico_platform/platform.c.obj
                0x10000a60                running_on_fpga
 .text.hw_claim_or_assert
                0x10000a70       0x44 CMakeFiles/blink.dir/D_/YQRepo/pico/pico-sdk/src/rp2_common/hardware_claim/claim.c.obj
                0x10000a70                hw_claim_or_assert
 .text.hw_claim_unused_from_range
                0x10000ab4       0x9c CMakeFiles/blink.dir/D_/YQRepo/pico/pico-sdk/src/rp2_common/hardware_claim/claim.c.obj
                0x10000ab4                hw_claim_unused_from_range
 .text.spin_locks_reset
                0x10000b50       0x1c CMakeFiles/blink.dir/D_/YQRepo/pico/pico-sdk/src/rp2_common/hardware_sync/sync.c.obj
                0x10000b50                spin_locks_reset
 .text.next_striped_spin_lock_num
                0x10000b6c       0x18 CMakeFiles/blink.dir/D_/YQRepo/pico/pico-sdk/src/rp2_common/hardware_sync/sync.c.obj
                0x10000b6c                next_striped_spin_lock_num
 .text.spin_lock_claim_unused
                0x10000b84       0x20 CMakeFiles/blink.dir/D_/YQRepo/pico/pico-sdk/src/rp2_common/hardware_sync/sync.c.obj
                0x10000b84                spin_lock_claim_unused
 .text.irq_set_enabled
                0x10000ba4       0x24 CMakeFiles/blink.dir/D_/YQRepo/pico/pico-sdk/src/rp2_common/hardware_irq/irq.c.obj
                0x10000ba4                irq_set_enabled
 .text.irq_set_pending
                0x10000bc8       0x10 CMakeFiles/blink.dir/D_/YQRepo/pico/pico-sdk/src/rp2_common/hardware_irq/irq.c.obj
                0x10000bc8                irq_set_pending
 .text.irq_has_shared_handler
                0x10000bd8       0x2c CMakeFiles/blink.dir/D_/YQRepo/pico/pico-sdk/src/rp2_common/hardware_irq/irq.c.obj
                0x10000bd8                irq_has_shared_handler
 .text.irq_get_vtable_handler
                0x10000c04       0x10 CMakeFiles/blink.dir/D_/YQRepo/pico/pico-sdk/src/rp2_common/hardware_irq/irq.c.obj
                0x10000c04                irq_get_vtable_handler
 .text.irq_set_exclusive_handler
                0x10000c14       0x54 CMakeFiles/blink.dir/D_/YQRepo/pico/pico-sdk/src/rp2_common/hardware_irq/irq.c.obj
                0x10000c14                irq_set_exclusive_handler
 .text.irq_add_shared_handler
                0x10000c68      0x1e8 CMakeFiles/blink.dir/D_/YQRepo/pico/pico-sdk/src/rp2_common/hardware_irq/irq.c.obj
                0x10000c68                irq_add_shared_handler
 .text.irq_remove_handler
                0x10000e50      0x1b0 CMakeFiles/blink.dir/D_/YQRepo/pico/pico-sdk/src/rp2_common/hardware_irq/irq.c.obj
                0x10000e50                irq_remove_handler
 .text.irq_add_tail_to_free_list
                0x10001000       0xb4 CMakeFiles/blink.dir/D_/YQRepo/pico/pico-sdk/src/rp2_common/hardware_irq/irq.c.obj
                0x10001000                irq_add_tail_to_free_list
 .text.irq_init_priorities
                0x100010b4       0x24 CMakeFiles/blink.dir/D_/YQRepo/pico/pico-sdk/src/rp2_common/hardware_irq/irq.c.obj
                0x100010b4                irq_init_priorities
 .text.user_irq_claim_unused
                0x100010d8       0x28 CMakeFiles/blink.dir/D_/YQRepo/pico/pico-sdk/src/rp2_common/hardware_irq/irq.c.obj
                0x100010d8                user_irq_claim_unused
 .text.lock_init
                0x10001100       0x10 CMakeFiles/blink.dir/D_/YQRepo/pico/pico-sdk/src/common/pico_sync/lock_core.c.obj
                0x10001100                lock_init
 .text.mutex_init
                0x10001110       0x1c CMakeFiles/blink.dir/D_/YQRepo/pico/pico-sdk/src/common/pico_sync/mutex.c.obj
                0x10001110                mutex_init
 .text.recursive_mutex_init
                0x1000112c       0x1c CMakeFiles/blink.dir/D_/YQRepo/pico/pico-sdk/src/common/pico_sync/mutex.c.obj
                0x1000112c                recursive_mutex_init
 .text.critical_section_init
                0x10001148       0x20 CMakeFiles/blink.dir/D_/YQRepo/pico/pico-sdk/src/common/pico_sync/critical_section.c.obj
                0x10001148                critical_section_init
 .text.critical_section_init_with_lock_num
                0x10001168       0x14 CMakeFiles/blink.dir/D_/YQRepo/pico/pico-sdk/src/common/pico_sync/critical_section.c.obj
                0x10001168                critical_section_init_with_lock_num
 .text.timer_pool_entry_comparator
                0x1000117c       0x34 CMakeFiles/blink.dir/D_/YQRepo/pico/pico-sdk/src/common/pico_time/time.c.obj
                0x1000117c                timer_pool_entry_comparator
 .text.sleep_until_callback
                0x100011b0       0x30 CMakeFiles/blink.dir/D_/YQRepo/pico/pico-sdk/src/common/pico_time/time.c.obj
 .text.add_alarm_under_lock.isra.0
                0x100011e0      0x100 CMakeFiles/blink.dir/D_/YQRepo/pico/pico-sdk/src/common/pico_time/time.c.obj
 .text.alarm_pool_alarm_callback
                0x100012e0      0x1b8 CMakeFiles/blink.dir/D_/YQRepo/pico/pico-sdk/src/common/pico_time/time.c.obj
 .text.alarm_pool_init_default
                0x10001498       0x6c CMakeFiles/blink.dir/D_/YQRepo/pico/pico-sdk/src/common/pico_time/time.c.obj
                0x10001498                alarm_pool_init_default
 .text.alarm_pool_get_default
                0x10001504        0x8 CMakeFiles/blink.dir/D_/YQRepo/pico/pico-sdk/src/common/pico_time/time.c.obj
                0x10001504                alarm_pool_get_default
 .text.alarm_pool_add_alarm_at
                0x1000150c      0x17c CMakeFiles/blink.dir/D_/YQRepo/pico/pico-sdk/src/common/pico_time/time.c.obj
                0x1000150c                alarm_pool_add_alarm_at
 .text.alarm_pool_cancel_alarm
                0x10001688       0x74 CMakeFiles/blink.dir/D_/YQRepo/pico/pico-sdk/src/common/pico_time/time.c.obj
                0x10001688                alarm_pool_cancel_alarm
 .text.alarm_pool_core_num
                0x100016fc        0x4 CMakeFiles/blink.dir/D_/YQRepo/pico/pico-sdk/src/common/pico_time/time.c.obj
                0x100016fc                alarm_pool_core_num
 .text.sleep_until
                0x10001700       0xc4 CMakeFiles/blink.dir/D_/YQRepo/pico/pico-sdk/src/common/pico_time/time.c.obj
                0x10001700                sleep_until
 .text.sleep_ms
                0x100017c4       0x34 CMakeFiles/blink.dir/D_/YQRepo/pico/pico-sdk/src/common/pico_time/time.c.obj
                0x100017c4                sleep_ms
 .text.best_effort_wfe_or_timeout
                0x100017f8       0x78 CMakeFiles/blink.dir/D_/YQRepo/pico/pico-sdk/src/common/pico_time/time.c.obj
                0x100017f8                best_effort_wfe_or_timeout
 .text.hardware_alarm_irq_handler
                0x10001870       0xbc CMakeFiles/blink.dir/D_/YQRepo/pico/pico-sdk/src/rp2_common/hardware_timer/timer.c.obj
 .text.hardware_alarm_claim
                0x1000192c       0x18 CMakeFiles/blink.dir/D_/YQRepo/pico/pico-sdk/src/rp2_common/hardware_timer/timer.c.obj
                0x1000192c                hardware_alarm_claim
 .text.time_us_64
                0x10001944       0x14 CMakeFiles/blink.dir/D_/YQRepo/pico/pico-sdk/src/rp2_common/hardware_timer/timer.c.obj
                0x10001944                time_us_64
 .text.busy_wait_until
                0x10001958       0x20 CMakeFiles/blink.dir/D_/YQRepo/pico/pico-sdk/src/rp2_common/hardware_timer/timer.c.obj
                0x10001958                busy_wait_until
 .text.hardware_alarm_set_callback
                0x10001978       0x8c CMakeFiles/blink.dir/D_/YQRepo/pico/pico-sdk/src/rp2_common/hardware_timer/timer.c.obj
                0x10001978                hardware_alarm_set_callback
 .text.hardware_alarm_set_target
                0x10001a04       0xe0 CMakeFiles/blink.dir/D_/YQRepo/pico/pico-sdk/src/rp2_common/hardware_timer/timer.c.obj
                0x10001a04                hardware_alarm_set_target
 .text.hardware_alarm_cancel
                0x10001ae4       0x3c CMakeFiles/blink.dir/D_/YQRepo/pico/pico-sdk/src/rp2_common/hardware_timer/timer.c.obj
                0x10001ae4                hardware_alarm_cancel
 .text.ph_merge_nodes
                0x10001b20       0x68 CMakeFiles/blink.dir/D_/YQRepo/pico/pico-sdk/src/common/pico_util/pheap.c.obj
 .text.ph_post_alloc_init
                0x10001b88       0x3c CMakeFiles/blink.dir/D_/YQRepo/pico/pico-sdk/src/common/pico_util/pheap.c.obj
                0x10001b88                ph_post_alloc_init
 .text.ph_merge_two_pass
                0x10001bc4       0x90 CMakeFiles/blink.dir/D_/YQRepo/pico/pico-sdk/src/common/pico_util/pheap.c.obj
                0x10001bc4                ph_merge_two_pass
 .text.ph_remove_any_head
                0x10001c54      0x100 CMakeFiles/blink.dir/D_/YQRepo/pico/pico-sdk/src/common/pico_util/pheap.c.obj
 .text.ph_remove_head
                0x10001d54      0x104 CMakeFiles/blink.dir/D_/YQRepo/pico/pico-sdk/src/common/pico_util/pheap.c.obj
                0x10001d54                ph_remove_head
 .text.ph_remove_and_free_node
                0x10001e58       0x7c CMakeFiles/blink.dir/D_/YQRepo/pico/pico-sdk/src/common/pico_util/pheap.c.obj
                0x10001e58                ph_remove_and_free_node
 .text.uart_init
                0x10001ed4       0xe0 CMakeFiles/blink.dir/D_/YQRepo/pico/pico-sdk/src/rp2_common/hardware_uart/uart.c.obj
                0x10001ed4                uart_init
 .text.uart_set_baudrate
                0x10001fb4       0x68 CMakeFiles/blink.dir/D_/YQRepo/pico/pico-sdk/src/rp2_common/hardware_uart/uart.c.obj
                0x10001fb4                uart_set_baudrate
 .text.clocks_init
                0x1000201c      0x2bc CMakeFiles/blink.dir/D_/YQRepo/pico/pico-sdk/src/rp2_common/hardware_clocks/clocks.c.obj
                0x1000201c                clocks_init
 .text.clock_get_hz
                0x100022d8        0xc CMakeFiles/blink.dir/D_/YQRepo/pico/pico-sdk/src/rp2_common/hardware_clocks/clocks.c.obj
                0x100022d8                clock_get_hz
 .text.pll_init
                0x100022e4       0xb0 CMakeFiles/blink.dir/D_/YQRepo/pico/pico-sdk/src/rp2_common/hardware_pll/pll.c.obj
                0x100022e4                pll_init
 .text.watchdog_start_tick
                0x10002394       0x10 CMakeFiles/blink.dir/D_/YQRepo/pico/pico-sdk/src/rp2_common/hardware_watchdog/watchdog.c.obj
                0x10002394                watchdog_start_tick
 .text.watchdog_reboot
                0x100023a4       0x98 CMakeFiles/blink.dir/D_/YQRepo/pico/pico-sdk/src/rp2_common/hardware_watchdog/watchdog.c.obj
                0x100023a4                watchdog_reboot
 .text.xosc_init
                0x1000243c       0x28 CMakeFiles/blink.dir/D_/YQRepo/pico/pico-sdk/src/rp2_common/hardware_xosc/xosc.c.obj
                0x1000243c                xosc_init
 .text.runtime_init
                0x10002464       0xf0 CMakeFiles/blink.dir/D_/YQRepo/pico/pico-sdk/src/rp2_common/pico_runtime/runtime.c.obj
                0x10002464                runtime_init
 .text._exit    0x10002554        0x4 CMakeFiles/blink.dir/D_/YQRepo/pico/pico-sdk/src/rp2_common/pico_runtime/runtime.c.obj
                0x10002554                _exit
 .text.exit     0x10002558        0x8 CMakeFiles/blink.dir/D_/YQRepo/pico/pico-sdk/src/rp2_common/pico_runtime/runtime.c.obj
                0x10002558                exit
 .text.panic    0x10002560       0x30 CMakeFiles/blink.dir/D_/YQRepo/pico/pico-sdk/src/rp2_common/pico_runtime/runtime.c.obj
                0x10002560                panic
 .text.hard_assertion_failure
                0x10002590        0xc CMakeFiles/blink.dir/D_/YQRepo/pico/pico-sdk/src/rp2_common/pico_runtime/runtime.c.obj
                0x10002590                hard_assertion_failure
 .text._out_char
                0x1000259c       0x10 CMakeFiles/blink.dir/D_/YQRepo/pico/pico-sdk/src/rp2_common/pico_printf/printf.c.obj
 .text.weak_raw_vprintf
                0x100025ac       0x30 CMakeFiles/blink.dir/D_/YQRepo/pico/pico-sdk/src/rp2_common/pico_printf/printf.c.obj
                0x100025ac                weak_raw_vprintf
 .text          0x100025dc       0x10 CMakeFiles/blink.dir/D_/YQRepo/pico/pico-sdk/src/rp2_common/pico_bit_ops/bit_ops_aeabi.S.obj
 .text.rom_func_lookup
                0x100025ec       0x10 CMakeFiles/blink.dir/D_/YQRepo/pico/pico-sdk/src/rp2_common/pico_bootrom/bootrom.c.obj
                0x100025ec                rom_func_lookup
 .text.rom_data_lookup
                0x100025fc       0x10 CMakeFiles/blink.dir/D_/YQRepo/pico/pico-sdk/src/rp2_common/pico_bootrom/bootrom.c.obj
                0x100025fc                rom_data_lookup
 .text.rom_funcs_lookup
                0x1000260c       0x44 CMakeFiles/blink.dir/D_/YQRepo/pico/pico-sdk/src/rp2_common/pico_bootrom/bootrom.c.obj
                0x1000260c                rom_funcs_lookup
 .text.__wrap___aeabi_idiv
                0x10002650       0x50 CMakeFiles/blink.dir/D_/YQRepo/pico/pico-sdk/src/rp2_common/pico_divider/divider.S.obj
                0x10002650                __wrap___aeabi_idivmod
                0x10002650                divmod_s32s32
                0x10002650                div_s32s32
                0x10002650                __wrap___aeabi_idiv
                0x10002658                divmod_s32s32_unsafe
                0x10002684                divmod_s32s32_savestate
 .text.__wrap___aeabi_uidiv
                0x100026a0       0x4c CMakeFiles/blink.dir/D_/YQRepo/pico/pico-sdk/src/rp2_common/pico_divider/divider.S.obj
                0x100026a0                __wrap___aeabi_uidiv
                0x100026a0                __wrap___aeabi_uidivmod
                0x100026a0                div_u32u32
                0x100026a0                divmod_u32u32
                0x100026a8                divmod_u32u32_unsafe
                0x100026d0                divmod_u32u32_savestate
 .text.__aeabi_double_init
                0x100026ec       0x94 CMakeFiles/blink.dir/D_/YQRepo/pico/pico-sdk/src/rp2_common/pico_double/double_init_rom.c.obj
                0x100026ec                __aeabi_double_init
 .text.double_table_shim_on_use_helper
                0x10002780       0x2c CMakeFiles/blink.dir/D_/YQRepo/pico/pico-sdk/src/rp2_common/pico_double/double_v1_rom_shim.S.obj
                0x10002780                double_table_shim_on_use_helper
 .text.__aeabi_lmul
                0x100027ac       0x32 CMakeFiles/blink.dir/D_/YQRepo/pico/pico-sdk/src/rp2_common/pico_int64_ops/pico_int64_ops_aeabi.S.obj
                0x100027ac                __wrap___aeabi_lmul
 *fill*         0x100027de        0x2 
 .text.__aeabi_float_init
                0x100027e0       0x64 CMakeFiles/blink.dir/D_/YQRepo/pico/pico-sdk/src/rp2_common/pico_float/float_init_rom.c.obj
                0x100027e0                __aeabi_float_init
 .text.float_table_shim_on_use_helper
                0x10002844       0x2c CMakeFiles/blink.dir/D_/YQRepo/pico/pico-sdk/src/rp2_common/pico_float/float_v1_rom_shim.S.obj
                0x10002844                float_table_shim_on_use_helper
 .text          0x10002870       0x10 CMakeFiles/blink.dir/D_/YQRepo/pico/pico-sdk/src/rp2_common/pico_mem_ops/mem_ops_aeabi.S.obj
                0x10002870                __aeabi_mem_init
 .text.memset   0x10002880        0xc CMakeFiles/blink.dir/D_/YQRepo/pico/pico-sdk/src/rp2_common/pico_mem_ops/mem_ops_aeabi.S.obj
                0x10002880                __wrap_memset
 .text.memcpy   0x1000288c        0xc CMakeFiles/blink.dir/D_/YQRepo/pico/pico-sdk/src/rp2_common/pico_mem_ops/mem_ops_aeabi.S.obj
                0x1000288c                __wrap_memcpy
                0x1000288c                __wrap___aeabi_memcpy
 .text.stdio_out_chars_no_crlf
                0x10002898       0x10 CMakeFiles/blink.dir/D_/YQRepo/pico/pico-sdk/src/rp2_common/pico_stdio/stdio.c.obj
 .text.stdio_out_chars_crlf
                0x100028a8       0xb4 CMakeFiles/blink.dir/D_/YQRepo/pico/pico-sdk/src/rp2_common/pico_stdio/stdio.c.obj
 .text.stdio_put_string.isra.0
                0x1000295c       0xfc CMakeFiles/blink.dir/D_/YQRepo/pico/pico-sdk/src/rp2_common/pico_stdio/stdio.c.obj
 .text.__wrap_putchar
                0x10002a58       0x98 CMakeFiles/blink.dir/D_/YQRepo/pico/pico-sdk/src/rp2_common/pico_stdio/stdio.c.obj
                0x10002a58                __wrap_putchar
 .text.__wrap_puts
                0x10002af0       0x3c CMakeFiles/blink.dir/D_/YQRepo/pico/pico-sdk/src/rp2_common/pico_stdio/stdio.c.obj
                0x10002af0                __wrap_puts
 .text.stdio_set_driver_enabled
                0x10002b2c       0x30 CMakeFiles/blink.dir/D_/YQRepo/pico/pico-sdk/src/rp2_common/pico_stdio/stdio.c.obj
                0x10002b2c                stdio_set_driver_enabled
 .text.stdio_init_all
                0x10002b5c        0x8 CMakeFiles/blink.dir/D_/YQRepo/pico/pico-sdk/src/rp2_common/pico_stdio/stdio.c.obj
                0x10002b5c                stdio_init_all
 .text.resetd_init
                0x10002b64        0x4 CMakeFiles/blink.dir/D_/YQRepo/pico/pico-sdk/src/rp2_common/pico_stdio_usb/reset_interface.c.obj
 .text.resetd_reset
                0x10002b68        0xc CMakeFiles/blink.dir/D_/YQRepo/pico/pico-sdk/src/rp2_common/pico_stdio_usb/reset_interface.c.obj
 .text.resetd_open
                0x10002b74       0x28 CMakeFiles/blink.dir/D_/YQRepo/pico/pico-sdk/src/rp2_common/pico_stdio_usb/reset_interface.c.obj
 .text.resetd_xfer_cb
                0x10002b9c        0x4 CMakeFiles/blink.dir/D_/YQRepo/pico/pico-sdk/src/rp2_common/pico_stdio_usb/reset_interface.c.obj
 .text.resetd_control_xfer_cb
                0x10002ba0       0x64 CMakeFiles/blink.dir/D_/YQRepo/pico/pico-sdk/src/rp2_common/pico_stdio_usb/reset_interface.c.obj
 .text.usbd_app_driver_get_cb
                0x10002c04        0xc CMakeFiles/blink.dir/D_/YQRepo/pico/pico-sdk/src/rp2_common/pico_stdio_usb/reset_interface.c.obj
                0x10002c04                usbd_app_driver_get_cb
 .text.tud_cdc_line_coding_cb
                0x10002c10       0x34 CMakeFiles/blink.dir/D_/YQRepo/pico/pico-sdk/src/rp2_common/pico_stdio_usb/reset_interface.c.obj
                0x10002c10                tud_cdc_line_coding_cb
 .text.stdio_usb_set_chars_available_callback
                0x10002c44       0x14 CMakeFiles/blink.dir/D_/YQRepo/pico/pico-sdk/src/rp2_common/pico_stdio_usb/stdio_usb.c.obj
                0x10002c44                stdio_usb_set_chars_available_callback
 .text.usb_irq  0x10002c58       0x10 CMakeFiles/blink.dir/D_/YQRepo/pico/pico-sdk/src/rp2_common/pico_stdio_usb/stdio_usb.c.obj
 .text.timer_task
                0x10002c68       0x54 CMakeFiles/blink.dir/D_/YQRepo/pico/pico-sdk/src/rp2_common/pico_stdio_usb/stdio_usb.c.obj
 .text.stdio_usb_in_chars
                0x10002cbc       0x90 CMakeFiles/blink.dir/D_/YQRepo/pico/pico-sdk/src/rp2_common/pico_stdio_usb/stdio_usb.c.obj
                0x10002cbc                stdio_usb_in_chars
 .text.stdio_usb_out_chars
                0x10002d4c      0x100 CMakeFiles/blink.dir/D_/YQRepo/pico/pico-sdk/src/rp2_common/pico_stdio_usb/stdio_usb.c.obj
 .text.low_priority_worker_irq
                0x10002e4c       0xa8 CMakeFiles/blink.dir/D_/YQRepo/pico/pico-sdk/src/rp2_common/pico_stdio_usb/stdio_usb.c.obj
 .text.tud_cdc_rx_cb
                0x10002ef4       0x20 CMakeFiles/blink.dir/D_/YQRepo/pico/pico-sdk/src/rp2_common/pico_stdio_usb/stdio_usb.c.obj
                0x10002ef4                tud_cdc_rx_cb
 .text.stdio_usb_init
                0x10002f14       0xdc CMakeFiles/blink.dir/D_/YQRepo/pico/pico-sdk/src/rp2_common/pico_stdio_usb/stdio_usb.c.obj
                0x10002f14                stdio_usb_init
 .text.tud_descriptor_device_cb
                0x10002ff0        0x8 CMakeFiles/blink.dir/D_/YQRepo/pico/pico-sdk/src/rp2_common/pico_stdio_usb/stdio_usb_descriptors.c.obj
                0x10002ff0                tud_descriptor_device_cb
 .text.tud_descriptor_configuration_cb
                0x10002ff8        0x8 CMakeFiles/blink.dir/D_/YQRepo/pico/pico-sdk/src/rp2_common/pico_stdio_usb/stdio_usb_descriptors.c.obj
                0x10002ff8                tud_descriptor_configuration_cb
 .text.tud_descriptor_string_cb
                0x10003000       0x74 CMakeFiles/blink.dir/D_/YQRepo/pico/pico-sdk/src/rp2_common/pico_stdio_usb/stdio_usb_descriptors.c.obj
                0x10003000                tud_descriptor_string_cb
 .text.startup._retrieve_unique_id_on_boot
                0x10003074       0x10 CMakeFiles/blink.dir/D_/YQRepo/pico/pico-sdk/src/rp2_common/pico_unique_id/unique_id.c.obj
 .text.pico_get_unique_board_id_string
                0x10003084      0x1a8 CMakeFiles/blink.dir/D_/YQRepo/pico/pico-sdk/src/rp2_common/pico_unique_id/unique_id.c.obj
                0x10003084                pico_get_unique_board_id_string
 .text.flash_get_unique_id
                0x1000322c       0x40 CMakeFiles/blink.dir/D_/YQRepo/pico/pico-sdk/src/rp2_common/hardware_flash/flash.c.obj
                0x1000322c                flash_get_unique_id
 .text.dcd_int_enable
                0x1000326c        0xc CMakeFiles/blink.dir/D_/YQRepo/pico/pico-sdk/lib/tinyusb/src/portable/raspberrypi/rp2040/dcd_rp2040.c.obj
                0x1000326c                dcd_int_enable
 .text.dcd_set_address
                0x10003278       0x14 CMakeFiles/blink.dir/D_/YQRepo/pico/pico-sdk/lib/tinyusb/src/portable/raspberrypi/rp2040/dcd_rp2040.c.obj
                0x10003278                dcd_set_address
 .text.dcd_connect
                0x1000328c       0x10 CMakeFiles/blink.dir/D_/YQRepo/pico/pico-sdk/lib/tinyusb/src/portable/raspberrypi/rp2040/dcd_rp2040.c.obj
                0x1000328c                dcd_connect
 .text.dcd_init
                0x1000329c       0x98 CMakeFiles/blink.dir/D_/YQRepo/pico/pico-sdk/lib/tinyusb/src/portable/raspberrypi/rp2040/dcd_rp2040.c.obj
                0x1000329c                dcd_init
 .text.dcd_edpt0_status_complete
                0x10003334       0x1c CMakeFiles/blink.dir/D_/YQRepo/pico/pico-sdk/lib/tinyusb/src/portable/raspberrypi/rp2040/dcd_rp2040.c.obj
                0x10003334                dcd_edpt0_status_complete
 .text.dcd_edpt_open
                0x10003350      0x108 CMakeFiles/blink.dir/D_/YQRepo/pico/pico-sdk/lib/tinyusb/src/portable/raspberrypi/rp2040/dcd_rp2040.c.obj
                0x10003350                dcd_edpt_open
 .text.dcd_edpt_close_all
                0x10003458        0x8 CMakeFiles/blink.dir/D_/YQRepo/pico/pico-sdk/lib/tinyusb/src/portable/raspberrypi/rp2040/dcd_rp2040.c.obj
                0x10003458                dcd_edpt_close_all
 .text.dcd_edpt_xfer
                0x10003460       0x24 CMakeFiles/blink.dir/D_/YQRepo/pico/pico-sdk/lib/tinyusb/src/portable/raspberrypi/rp2040/dcd_rp2040.c.obj
                0x10003460                dcd_edpt_xfer
 .text.dcd_edpt_stall
                0x10003484       0x38 CMakeFiles/blink.dir/D_/YQRepo/pico/pico-sdk/lib/tinyusb/src/portable/raspberrypi/rp2040/dcd_rp2040.c.obj
                0x10003484                dcd_edpt_stall
 .text.dcd_edpt_clear_stall
                0x100034bc       0x30 CMakeFiles/blink.dir/D_/YQRepo/pico/pico-sdk/lib/tinyusb/src/portable/raspberrypi/rp2040/dcd_rp2040.c.obj
                0x100034bc                dcd_edpt_clear_stall
 .text.rp2040_usb_init
                0x100034ec       0x4c CMakeFiles/blink.dir/D_/YQRepo/pico/pico-sdk/lib/tinyusb/src/portable/raspberrypi/rp2040/rp2040_usb.c.obj
                0x100034ec                rp2040_usb_init
 .text.hw_endpoint_xfer_start
                0x10003538       0x50 CMakeFiles/blink.dir/D_/YQRepo/pico/pico-sdk/lib/tinyusb/src/portable/raspberrypi/rp2040/rp2040_usb.c.obj
                0x10003538                hw_endpoint_xfer_start
 .text.tud_mounted
                0x10003588       0x10 CMakeFiles/blink.dir/D_/YQRepo/pico/pico-sdk/lib/tinyusb/src/device/usbd.c.obj
                0x10003588                tud_mounted
 .text.tud_suspended
                0x10003598       0x10 CMakeFiles/blink.dir/D_/YQRepo/pico/pico-sdk/lib/tinyusb/src/device/usbd.c.obj
                0x10003598                tud_suspended
 .text.tud_inited
                0x100035a8       0x14 CMakeFiles/blink.dir/D_/YQRepo/pico/pico-sdk/lib/tinyusb/src/device/usbd.c.obj
                0x100035a8                tud_inited
 .text.tud_init
                0x100035bc       0xe4 CMakeFiles/blink.dir/D_/YQRepo/pico/pico-sdk/lib/tinyusb/src/device/usbd.c.obj
                0x100035bc                tud_init
 .text.tud_task_ext
                0x100036a0      0x854 CMakeFiles/blink.dir/D_/YQRepo/pico/pico-sdk/lib/tinyusb/src/device/usbd.c.obj
                0x100036a0                tud_task_ext
 .text.usbd_open_edpt_pair
                0x10003ef4       0x9c CMakeFiles/blink.dir/D_/YQRepo/pico/pico-sdk/lib/tinyusb/src/device/usbd.c.obj
                0x10003ef4                usbd_open_edpt_pair
 .text.usbd_defer_func
                0x10003f90       0x48 CMakeFiles/blink.dir/D_/YQRepo/pico/pico-sdk/lib/tinyusb/src/device/usbd.c.obj
                0x10003f90                usbd_defer_func
 .text.usbd_edpt_open
                0x10003fd8       0x34 CMakeFiles/blink.dir/D_/YQRepo/pico/pico-sdk/lib/tinyusb/src/device/usbd.c.obj
                0x10003fd8                usbd_edpt_open
 .text.usbd_edpt_claim
                0x1000400c       0x28 CMakeFiles/blink.dir/D_/YQRepo/pico/pico-sdk/lib/tinyusb/src/device/usbd.c.obj
                0x1000400c                usbd_edpt_claim
 .text.usbd_edpt_release
                0x10004034       0x28 CMakeFiles/blink.dir/D_/YQRepo/pico/pico-sdk/lib/tinyusb/src/device/usbd.c.obj
                0x10004034                usbd_edpt_release
 .text.usbd_edpt_xfer
                0x1000405c       0x4c CMakeFiles/blink.dir/D_/YQRepo/pico/pico-sdk/lib/tinyusb/src/device/usbd.c.obj
                0x1000405c                usbd_edpt_xfer
 .text.tud_control_status
                0x100040a8       0x30 CMakeFiles/blink.dir/D_/YQRepo/pico/pico-sdk/lib/tinyusb/src/device/usbd_control.c.obj
                0x100040a8                tud_control_status
 .text.tud_control_xfer
                0x100040d8       0xbc CMakeFiles/blink.dir/D_/YQRepo/pico/pico-sdk/lib/tinyusb/src/device/usbd_control.c.obj
                0x100040d8                tud_control_xfer
 .text.usbd_control_reset
                0x10004194       0x14 CMakeFiles/blink.dir/D_/YQRepo/pico/pico-sdk/lib/tinyusb/src/device/usbd_control.c.obj
                0x10004194                usbd_control_reset
 .text.usbd_control_set_complete_callback
                0x100041a8        0xc CMakeFiles/blink.dir/D_/YQRepo/pico/pico-sdk/lib/tinyusb/src/device/usbd_control.c.obj
                0x100041a8                usbd_control_set_complete_callback
 .text.usbd_control_set_request
                0x100041b4       0x1c CMakeFiles/blink.dir/D_/YQRepo/pico/pico-sdk/lib/tinyusb/src/device/usbd_control.c.obj
                0x100041b4                usbd_control_set_request
 .text.usbd_control_xfer_cb
                0x100041d0       0xfc CMakeFiles/blink.dir/D_/YQRepo/pico/pico-sdk/lib/tinyusb/src/device/usbd_control.c.obj
                0x100041d0                usbd_control_xfer_cb
 .text.tud_cdc_n_connected
                0x100042cc       0x30 CMakeFiles/blink.dir/D_/YQRepo/pico/pico-sdk/lib/tinyusb/src/class/cdc/cdc_device.c.obj
                0x100042cc                tud_cdc_n_connected
 .text.tud_cdc_n_available
                0x100042fc       0x18 CMakeFiles/blink.dir/D_/YQRepo/pico/pico-sdk/lib/tinyusb/src/class/cdc/cdc_device.c.obj
                0x100042fc                tud_cdc_n_available
 .text.tud_cdc_n_read
                0x10004314       0x70 CMakeFiles/blink.dir/D_/YQRepo/pico/pico-sdk/lib/tinyusb/src/class/cdc/cdc_device.c.obj
                0x10004314                tud_cdc_n_read
 .text.tud_cdc_n_write_flush
                0x10004384       0x78 CMakeFiles/blink.dir/D_/YQRepo/pico/pico-sdk/lib/tinyusb/src/class/cdc/cdc_device.c.obj
                0x10004384                tud_cdc_n_write_flush
 .text.tud_cdc_n_write
                0x100043fc       0x34 CMakeFiles/blink.dir/D_/YQRepo/pico/pico-sdk/lib/tinyusb/src/class/cdc/cdc_device.c.obj
                0x100043fc                tud_cdc_n_write
 .text.tud_cdc_n_write_available
                0x10004430       0x18 CMakeFiles/blink.dir/D_/YQRepo/pico/pico-sdk/lib/tinyusb/src/class/cdc/cdc_device.c.obj
                0x10004430                tud_cdc_n_write_available
 .text.cdcd_init
                0x10004448       0x7c CMakeFiles/blink.dir/D_/YQRepo/pico/pico-sdk/lib/tinyusb/src/class/cdc/cdc_device.c.obj
                0x10004448                cdcd_init
 .text.cdcd_reset
                0x100044c4       0x2c CMakeFiles/blink.dir/D_/YQRepo/pico/pico-sdk/lib/tinyusb/src/class/cdc/cdc_device.c.obj
                0x100044c4                cdcd_reset
 .text.cdcd_open
                0x100044f0       0xe8 CMakeFiles/blink.dir/D_/YQRepo/pico/pico-sdk/lib/tinyusb/src/class/cdc/cdc_device.c.obj
                0x100044f0                cdcd_open
 .text.cdcd_control_xfer_cb
                0x100045d8       0xe4 CMakeFiles/blink.dir/D_/YQRepo/pico/pico-sdk/lib/tinyusb/src/class/cdc/cdc_device.c.obj
                0x100045d8                cdcd_control_xfer_cb
 .text.cdcd_xfer_cb
                0x100046bc      0x148 CMakeFiles/blink.dir/D_/YQRepo/pico/pico-sdk/lib/tinyusb/src/class/cdc/cdc_device.c.obj
                0x100046bc                cdcd_xfer_cb
 .text.tusb_init
                0x10004804        0xc CMakeFiles/blink.dir/D_/YQRepo/pico/pico-sdk/lib/tinyusb/src/tusb.c.obj
                0x10004804                tusb_init
 .text.tusb_inited
                0x10004810        0x8 CMakeFiles/blink.dir/D_/YQRepo/pico/pico-sdk/lib/tinyusb/src/tusb.c.obj
                0x10004810                tusb_inited
 .text.tu_edpt_claim
                0x10004818       0x50 CMakeFiles/blink.dir/D_/YQRepo/pico/pico-sdk/lib/tinyusb/src/tusb.c.obj
                0x10004818                tu_edpt_claim
 .text.tu_edpt_release
                0x10004868       0x38 CMakeFiles/blink.dir/D_/YQRepo/pico/pico-sdk/lib/tinyusb/src/tusb.c.obj
                0x10004868                tu_edpt_release
 .text.tu_edpt_validate
                0x100048a0       0x78 CMakeFiles/blink.dir/D_/YQRepo/pico/pico-sdk/lib/tinyusb/src/tusb.c.obj
                0x100048a0                tu_edpt_validate
 .text.tu_edpt_bind_driver
                0x10004918       0x34 CMakeFiles/blink.dir/D_/YQRepo/pico/pico-sdk/lib/tinyusb/src/tusb.c.obj
                0x10004918                tu_edpt_bind_driver
 .text.tu_fifo_config
                0x1000494c       0x70 CMakeFiles/blink.dir/D_/YQRepo/pico/pico-sdk/lib/tinyusb/src/common/tusb_fifo.c.obj
                0x1000494c                tu_fifo_config
 .text.tu_fifo_count
                0x100049bc       0x2c CMakeFiles/blink.dir/D_/YQRepo/pico/pico-sdk/lib/tinyusb/src/common/tusb_fifo.c.obj
                0x100049bc                tu_fifo_count
 .text.tu_fifo_empty
                0x100049e8       0x10 CMakeFiles/blink.dir/D_/YQRepo/pico/pico-sdk/lib/tinyusb/src/common/tusb_fifo.c.obj
                0x100049e8                tu_fifo_empty
 .text.tu_fifo_remaining
                0x100049f8       0x2c CMakeFiles/blink.dir/D_/YQRepo/pico/pico-sdk/lib/tinyusb/src/common/tusb_fifo.c.obj
                0x100049f8                tu_fifo_remaining
 .text.tu_fifo_read
                0x10004a24       0xa0 CMakeFiles/blink.dir/D_/YQRepo/pico/pico-sdk/lib/tinyusb/src/common/tusb_fifo.c.obj
                0x10004a24                tu_fifo_read
 .text.tu_fifo_read_n
                0x10004ac4       0xec CMakeFiles/blink.dir/D_/YQRepo/pico/pico-sdk/lib/tinyusb/src/common/tusb_fifo.c.obj
                0x10004ac4                tu_fifo_read_n
 .text.tu_fifo_write
                0x10004bb0       0x88 CMakeFiles/blink.dir/D_/YQRepo/pico/pico-sdk/lib/tinyusb/src/common/tusb_fifo.c.obj
                0x10004bb0                tu_fifo_write
 .text.tu_fifo_write_n
                0x10004c38      0x168 CMakeFiles/blink.dir/D_/YQRepo/pico/pico-sdk/lib/tinyusb/src/common/tusb_fifo.c.obj
                0x10004c38                tu_fifo_write_n
 .text.tu_fifo_clear
                0x10004da0       0x40 CMakeFiles/blink.dir/D_/YQRepo/pico/pico-sdk/lib/tinyusb/src/common/tusb_fifo.c.obj
                0x10004da0                tu_fifo_clear
 .text.tu_fifo_set_overwritable
                0x10004de0       0x48 CMakeFiles/blink.dir/D_/YQRepo/pico/pico-sdk/lib/tinyusb/src/common/tusb_fifo.c.obj
                0x10004de0                tu_fifo_set_overwritable
 .text.rand     0x10004e28       0x34 c:/progra~2/gnuarm~1/102021~1.10/bin/../lib/gcc/arm-none-eabi/10.3.1/../../../../arm-none-eabi/lib/thumb/v6-m/nofp\libc.a(lib_a-rand.o)
                0x10004e28                rand
 .text.strlen   0x10004e5c       0x5c c:/progra~2/gnuarm~1/102021~1.10/bin/../lib/gcc/arm-none-eabi/10.3.1/../../../../arm-none-eabi/lib/thumb/v6-m/nofp\libc.a(lib_a-strlen-stub.o)
                0x10004e5c                strlen
 *(.fini)
 .fini          0x10004eb8        0x4 c:/progra~2/gnuarm~1/102021~1.10/bin/../lib/gcc/arm-none-eabi/10.3.1/thumb/v6-m/nofp/crti.o
                0x10004eb8                _fini
 *fill*         0x10004ebc        0x4 
 .fini.__stub   0x10004ec0       0xc0 linker stubs
 *crtbegin.o(.ctors)
 *crtbegin?.o(.ctors)
 *(EXCLUDE_FILE(*crtend.o *crtend?.o) .ctors)
 *(SORT_BY_NAME(.ctors.*))
 *(.ctors)
 *crtbegin.o(.dtors)
 *crtbegin?.o(.dtors)
 *(EXCLUDE_FILE(*crtend.o *crtend?.o) .dtors)
 *(SORT_BY_NAME(.dtors.*))
 *(.dtors)
 *(.eh_frame*)
 .eh_frame      0x10004f80        0x0 c:/progra~2/gnuarm~1/102021~1.10/bin/../lib/gcc/arm-none-eabi/10.3.1/thumb/v6-m/nofp/crtbegin.o
                0x10004f80                . = ALIGN (0x4)

.glue_7         0x10004f80        0x0
 .glue_7        0x10004f80        0x0 linker stubs

.glue_7t        0x10004f80        0x0
 .glue_7t       0x10004f80        0x0 linker stubs

.vfp11_veneer   0x10004f80        0x0
 .vfp11_veneer  0x10004f80        0x0 linker stubs

.v4_bx          0x10004f80        0x0
 .v4_bx         0x10004f80        0x0 linker stubs

.iplt           0x10004f80        0x0
 .iplt          0x10004f80        0x0 c:/progra~2/gnuarm~1/102021~1.10/bin/../lib/gcc/arm-none-eabi/10.3.1/thumb/v6-m/nofp/crtbegin.o

.rodata         0x10004f80      0x308
 *(EXCLUDE_FILE(*libm.a: *libc.a:*lib_a-mem*.o *libgcc.a:) .rodata*)
 .rodata.Execute_Simulator_CMD.part.0
                0x10004f80       0x28 CMakeFiles/blink.dir/main.c.obj
 .rodata.main.str1.4
                0x10004fa8        0xf CMakeFiles/blink.dir/main.c.obj
 *fill*         0x10004fb7        0x1 
 .rodata.spin_lock_claim_unused.str1.4
                0x10004fb8       0x1b CMakeFiles/blink.dir/D_/YQRepo/pico/pico-sdk/src/rp2_common/hardware_sync/sync.c.obj
 *fill*         0x10004fd3        0x1 
 .rodata.user_irq_claim_unused.str1.4
                0x10004fd4       0x1b CMakeFiles/blink.dir/D_/YQRepo/pico/pico-sdk/src/rp2_common/hardware_irq/irq.c.obj
 *fill*         0x10004fef        0x1 
 .rodata.hardware_alarm_claim.str1.4
                0x10004ff0       0x22 CMakeFiles/blink.dir/D_/YQRepo/pico/pico-sdk/src/rp2_common/hardware_timer/timer.c.obj
 *fill*         0x10005012        0x2 
 .rodata.panic.str1.4
                0x10005014       0x12 CMakeFiles/blink.dir/D_/YQRepo/pico/pico-sdk/src/rp2_common/pico_runtime/runtime.c.obj
 *fill*         0x10005026        0x2 
 .rodata.hard_assertion_failure.str1.4
                0x10005028        0xc CMakeFiles/blink.dir/D_/YQRepo/pico/pico-sdk/src/rp2_common/pico_runtime/runtime.c.obj
 .rodata.str1.4
                0x10005034       0x3c CMakeFiles/blink.dir/D_/YQRepo/pico/pico-sdk/src/rp2_common/pico_standard_link/binary_info.c.obj
 .rodata.__bi_44
                0x10005070        0xc CMakeFiles/blink.dir/D_/YQRepo/pico/pico-sdk/src/rp2_common/pico_standard_link/binary_info.c.obj
 .rodata.__bi_75
                0x1000507c        0xc CMakeFiles/blink.dir/D_/YQRepo/pico/pico-sdk/src/rp2_common/pico_standard_link/binary_info.c.obj
 .rodata.__bi_81
                0x10005088        0xc CMakeFiles/blink.dir/D_/YQRepo/pico/pico-sdk/src/rp2_common/pico_standard_link/binary_info.c.obj
 .rodata.crlf_str.0
                0x10005094        0x2 CMakeFiles/blink.dir/D_/YQRepo/pico/pico-sdk/src/rp2_common/pico_stdio/stdio.c.obj
 *fill*         0x10005096        0x2 
 .rodata._resetd_driver
                0x10005098       0x18 CMakeFiles/blink.dir/D_/YQRepo/pico/pico-sdk/src/rp2_common/pico_stdio_usb/reset_interface.c.obj
 .rodata.str1.4
                0x100050b0       0x13 CMakeFiles/blink.dir/D_/YQRepo/pico/pico-sdk/src/rp2_common/pico_stdio_usb/stdio_usb.c.obj
 *fill*         0x100050c3        0x1 
 .rodata.__bi_188.0
                0x100050c4        0xc CMakeFiles/blink.dir/D_/YQRepo/pico/pico-sdk/src/rp2_common/pico_stdio_usb/stdio_usb.c.obj
 .rodata.str1.4
                0x100050d0       0x2a CMakeFiles/blink.dir/D_/YQRepo/pico/pico-sdk/src/rp2_common/pico_stdio_usb/stdio_usb_descriptors.c.obj
 *fill*         0x100050fa        0x2 
 .rodata.usbd_desc_cfg
                0x100050fc       0x54 CMakeFiles/blink.dir/D_/YQRepo/pico/pico-sdk/src/rp2_common/pico_stdio_usb/stdio_usb_descriptors.c.obj
 .rodata.usbd_desc_device
                0x10005150       0x12 CMakeFiles/blink.dir/D_/YQRepo/pico/pico-sdk/src/rp2_common/pico_stdio_usb/stdio_usb_descriptors.c.obj
 *fill*         0x10005162        0x2 
 .rodata.usbd_desc_str
                0x10005164       0x18 CMakeFiles/blink.dir/D_/YQRepo/pico/pico-sdk/src/rp2_common/pico_stdio_usb/stdio_usb_descriptors.c.obj
 .rodata.str1.4
                0x1000517c       0x14 CMakeFiles/blink.dir/D_/YQRepo/pico/pico-sdk/lib/tinyusb/src/portable/raspberrypi/rp2040/dcd_rp2040.c.obj
 .rodata.str1.4
                0x10005190       0x53 CMakeFiles/blink.dir/D_/YQRepo/pico/pico-sdk/lib/tinyusb/src/portable/raspberrypi/rp2040/rp2040_usb.c.obj
 *fill*         0x100051e3        0x1 
 .rodata.tud_task_ext
                0x100051e4       0x8c CMakeFiles/blink.dir/D_/YQRepo/pico/pico-sdk/lib/tinyusb/src/device/usbd.c.obj
 .rodata._usbd_driver
                0x10005270       0x18 CMakeFiles/blink.dir/D_/YQRepo/pico/pico-sdk/lib/tinyusb/src/device/usbd.c.obj
                0x10005288                . = ALIGN (0x4)
 *(SORT_BY_ALIGNMENT(SORT_BY_NAME(.flashdata*)))
                0x10005288                . = ALIGN (0x4)

.rel.dyn        0x10005288        0x0
 .rel.iplt      0x10005288        0x0 c:/progra~2/gnuarm~1/102021~1.10/bin/../lib/gcc/arm-none-eabi/10.3.1/thumb/v6-m/nofp/crtbegin.o

.ARM.extab
 *(.ARM.extab* .gnu.linkonce.armextab.*)
                0x10005288                __exidx_start = .

.ARM.exidx
 *(.ARM.exidx* .gnu.linkonce.armexidx.*)
                0x10005288                __exidx_end = .
                0x10005288                . = ALIGN (0x4)
                0x10005288                __binary_info_start = .

.binary_info    0x10005288       0x20
 *(.binary_info.keep.*)
 .binary_info.keep.__bi_ptr22
                0x10005288        0x4 CMakeFiles/blink.dir/D_/YQRepo/pico/pico-sdk/src/rp2_common/pico_standard_link/binary_info.c.obj
 .binary_info.keep.__bi_ptr30
                0x1000528c        0x4 CMakeFiles/blink.dir/D_/YQRepo/pico/pico-sdk/src/rp2_common/pico_standard_link/binary_info.c.obj
 .binary_info.keep.__bi_ptr38
                0x10005290        0x4 CMakeFiles/blink.dir/D_/YQRepo/pico/pico-sdk/src/rp2_common/pico_standard_link/binary_info.c.obj
 .binary_info.keep.__bi_ptr44
                0x10005294        0x4 CMakeFiles/blink.dir/D_/YQRepo/pico/pico-sdk/src/rp2_common/pico_standard_link/binary_info.c.obj
 .binary_info.keep.__bi_ptr50
                0x10005298        0x4 CMakeFiles/blink.dir/D_/YQRepo/pico/pico-sdk/src/rp2_common/pico_standard_link/binary_info.c.obj
 .binary_info.keep.__bi_ptr75
                0x1000529c        0x4 CMakeFiles/blink.dir/D_/YQRepo/pico/pico-sdk/src/rp2_common/pico_standard_link/binary_info.c.obj
 .binary_info.keep.__bi_ptr81
                0x100052a0        0x4 CMakeFiles/blink.dir/D_/YQRepo/pico/pico-sdk/src/rp2_common/pico_standard_link/binary_info.c.obj
 *(.binary_info.*)
 .binary_info.__bi_ptr188
                0x100052a4        0x4 CMakeFiles/blink.dir/D_/YQRepo/pico/pico-sdk/src/rp2_common/pico_stdio_usb/stdio_usb.c.obj
                0x100052a8                __binary_info_end = .
                0x100052a8                . = ALIGN (0x4)
                0x100052a8                __etext = .

.ram_vector_table
                0x20000000       0xc0
 *(.ram_vector_table)
 .ram_vector_table
                0x20000000       0xc0 CMakeFiles/blink.dir/D_/YQRepo/pico/pico-sdk/src/rp2_common/pico_runtime/runtime.c.obj
                0x20000000                ram_vector_table

.data           0x200000c0     0x1310 load address 0x100052a8
                0x200000c0                __data_start__ = .
 *(vtable)
 *(.time_critical*)
 .time_critical.mutex_try_enter
                0x200000c0       0x44 CMakeFiles/blink.dir/D_/YQRepo/pico/pico-sdk/src/common/pico_sync/mutex.c.obj
                0x200000c0                mutex_try_enter
 .time_critical.mutex_try_enter_block_until
                0x20000104       0x9c CMakeFiles/blink.dir/D_/YQRepo/pico/pico-sdk/src/common/pico_sync/mutex.c.obj
                0x20000104                mutex_try_enter_block_until
 .time_critical.mutex_enter_timeout_ms
                0x200001a0       0x90 CMakeFiles/blink.dir/D_/YQRepo/pico/pico-sdk/src/common/pico_sync/mutex.c.obj
                0x200001a0                mutex_enter_timeout_ms
 .time_critical.mutex_exit
                0x20000230       0x28 CMakeFiles/blink.dir/D_/YQRepo/pico/pico-sdk/src/common/pico_sync/mutex.c.obj
                0x20000230                mutex_exit
 .time_critical.flash_init_boot2_copyout
                0x20000258       0x30 CMakeFiles/blink.dir/D_/YQRepo/pico/pico-sdk/src/rp2_common/hardware_flash/flash.c.obj
 .time_critical.flash_enable_xip_via_boot2
                0x20000288       0x10 CMakeFiles/blink.dir/D_/YQRepo/pico/pico-sdk/src/rp2_common/hardware_flash/flash.c.obj
 .time_critical.flash_cs_force
                0x20000298       0x38 CMakeFiles/blink.dir/D_/YQRepo/pico/pico-sdk/src/rp2_common/hardware_flash/flash.c.obj
 .time_critical.flash_do_cmd
                0x200002d0       0xc4 CMakeFiles/blink.dir/D_/YQRepo/pico/pico-sdk/src/rp2_common/hardware_flash/flash.c.obj
                0x200002d0                flash_do_cmd
 .time_critical.reset_non_control_endpoints
                0x20000394       0xbc CMakeFiles/blink.dir/D_/YQRepo/pico/pico-sdk/lib/tinyusb/src/portable/raspberrypi/rp2040/dcd_rp2040.c.obj
 .time_critical.hw_handle_buff_status
                0x20000450       0xa8 CMakeFiles/blink.dir/D_/YQRepo/pico/pico-sdk/lib/tinyusb/src/portable/raspberrypi/rp2040/dcd_rp2040.c.obj
 .time_critical.dcd_rp2040_irq
                0x200004f8      0x4d8 CMakeFiles/blink.dir/D_/YQRepo/pico/pico-sdk/lib/tinyusb/src/portable/raspberrypi/rp2040/dcd_rp2040.c.obj
 .time_critical.e15_is_bulkin_ep
                0x200009d0       0x28 CMakeFiles/blink.dir/D_/YQRepo/pico/pico-sdk/lib/tinyusb/src/portable/raspberrypi/rp2040/rp2040_usb.c.obj
 .time_critical.e15_is_critical_frame_period
                0x200009f8       0x34 CMakeFiles/blink.dir/D_/YQRepo/pico/pico-sdk/lib/tinyusb/src/portable/raspberrypi/rp2040/rp2040_usb.c.obj
 .time_critical.prepare_ep_buffer
                0x20000a2c       0x70 CMakeFiles/blink.dir/D_/YQRepo/pico/pico-sdk/lib/tinyusb/src/portable/raspberrypi/rp2040/rp2040_usb.c.obj
 .time_critical.sync_ep_buffer
                0x20000a9c       0x4c CMakeFiles/blink.dir/D_/YQRepo/pico/pico-sdk/lib/tinyusb/src/portable/raspberrypi/rp2040/rp2040_usb.c.obj
 .time_critical._hw_endpoint_xfer_sync
                0x20000ae8       0x28 CMakeFiles/blink.dir/D_/YQRepo/pico/pico-sdk/lib/tinyusb/src/portable/raspberrypi/rp2040/rp2040_usb.c.obj
 .time_critical.hw_endpoint_reset_transfer
                0x20000b10        0xc CMakeFiles/blink.dir/D_/YQRepo/pico/pico-sdk/lib/tinyusb/src/portable/raspberrypi/rp2040/rp2040_usb.c.obj
                0x20000b10                hw_endpoint_reset_transfer
 .time_critical._hw_endpoint_buffer_control_update32
                0x20000b1c       0x58 CMakeFiles/blink.dir/D_/YQRepo/pico/pico-sdk/lib/tinyusb/src/portable/raspberrypi/rp2040/rp2040_usb.c.obj
                0x20000b1c                _hw_endpoint_buffer_control_update32
 .time_critical.hw_endpoint_start_next_buffer
                0x20000b74       0x6c CMakeFiles/blink.dir/D_/YQRepo/pico/pico-sdk/lib/tinyusb/src/portable/raspberrypi/rp2040/rp2040_usb.c.obj
                0x20000b74                hw_endpoint_start_next_buffer
 .time_critical.hw_endpoint_xfer_continue
                0x20000be0       0x50 CMakeFiles/blink.dir/D_/YQRepo/pico/pico-sdk/lib/tinyusb/src/portable/raspberrypi/rp2040/rp2040_usb.c.obj
                0x20000be0                hw_endpoint_xfer_continue
 .time_critical.tinyusb
                0x20000c30      0x170 CMakeFiles/blink.dir/D_/YQRepo/pico/pico-sdk/lib/tinyusb/src/device/usbd.c.obj
                0x20000c30                dcd_event_handler
 *(.text*)
 .text          0x20000da0        0x4 c:/progra~2/gnuarm~1/102021~1.10/bin/../lib/gcc/arm-none-eabi/10.3.1/thumb/v6-m/nofp\libgcc.a(_dvmd_tls.o)
                0x20000da0                __aeabi_idiv0
                0x20000da0                __aeabi_ldiv0
 *fill*         0x20000da4        0x4 
 .text.__stub   0x20000da8       0x70 linker stubs
                0x20000e18                . = ALIGN (0x4)
 *(.rodata*)
                0x20000e18                . = ALIGN (0x4)
 *(.data*)
 .data.SDM_ADC  0x20000e18        0x7 CMakeFiles/blink.dir/main.c.obj
                0x20000e18                SDM_ADC
 *fill*         0x20000e1f        0x1 
 .data.SDM_Ambienttemp
                0x20000e20        0x6 CMakeFiles/blink.dir/main.c.obj
                0x20000e20                SDM_Ambienttemp
 *fill*         0x20000e26        0x2 
 .data.SDM_BacklightBrightness
                0x20000e28        0x6 CMakeFiles/blink.dir/main.c.obj
                0x20000e28                SDM_BacklightBrightness
 *fill*         0x20000e2e        0x2 
 .data.SDM_Diagnostic
                0x20000e30        0xe CMakeFiles/blink.dir/main.c.obj
                0x20000e30                SDM_Diagnostic
 *fill*         0x20000e3e        0x2 
 .data.SDM_HWver
                0x20000e40        0x7 CMakeFiles/blink.dir/main.c.obj
                0x20000e40                SDM_HWver
 *fill*         0x20000e47        0x1 
 .data.SDM_LED1temp
                0x20000e48        0x6 CMakeFiles/blink.dir/main.c.obj
                0x20000e48                SDM_LED1temp
 *fill*         0x20000e4e        0x2 
 .data.SDM_LED2
                0x20000e50        0x6 CMakeFiles/blink.dir/main.c.obj
                0x20000e50                SDM_LED2
 *fill*         0x20000e56        0x2 
 .data.SDM_NormCurrent
                0x20000e58        0x7 CMakeFiles/blink.dir/main.c.obj
                0x20000e58                SDM_NormCurrent
 *fill*         0x20000e5f        0x1 
 .data.SDM_PCBAtemp
                0x20000e60        0x6 CMakeFiles/blink.dir/main.c.obj
                0x20000e60                SDM_PCBAtemp
 *fill*         0x20000e66        0x2 
 .data.SDM_SWver
                0x20000e68        0x7 CMakeFiles/blink.dir/main.c.obj
                0x20000e68                SDM_SWver
 *fill*         0x20000e6f        0x1 
 .data.SDM_Simulator
                0x20000e70        0x7 CMakeFiles/blink.dir/main.c.obj
                0x20000e70                SDM_Simulator
 *fill*         0x20000e77        0x1 
 .data.SDM_SleepCurrent
                0x20000e78        0x7 CMakeFiles/blink.dir/main.c.obj
                0x20000e78                SDM_SleepCurrent
 *fill*         0x20000e7f        0x1 
 .data.SDM_Touch
                0x20000e80       0x12 CMakeFiles/blink.dir/main.c.obj
                0x20000e80                SDM_Touch
 *fill*         0x20000e92        0x2 
 .data.SDM_Voltage
                0x20000e94        0x7 CMakeFiles/blink.dir/main.c.obj
                0x20000e94                SDM_Voltage
 *fill*         0x20000e9b        0x1 
 .data.UART_Response1
                0x20000e9c        0x3 CMakeFiles/blink.dir/main.c.obj
                0x20000e9c                UART_Response1
 *fill*         0x20000e9f        0x1 
 .data.last_rand
                0x20000ea0        0x2 CMakeFiles/blink.dir/main.c.obj
                0x20000ea0                last_rand
 .data.striped_spin_lock_num
                0x20000ea2        0x1 CMakeFiles/blink.dir/D_/YQRepo/pico/pico-sdk/src/rp2_common/hardware_sync/sync.c.obj
 *fill*         0x20000ea3        0x1 
 .data          0x20000ea4       0x48 CMakeFiles/blink.dir/D_/YQRepo/pico/pico-sdk/src/rp2_common/hardware_irq/irq_handler_chain.S.obj
                0x20000ea4                irq_handler_chain_slots
                0x20000ed4                irq_handler_chain_first_slot
                0x20000ede                irq_handler_chain_remove_tail
 .data.default_alarm_pool
                0x20000eec       0x18 CMakeFiles/blink.dir/D_/YQRepo/pico/pico-sdk/src/common/pico_time/time.c.obj
 .data.default_alarm_pool_heap
                0x20000f04       0x10 CMakeFiles/blink.dir/D_/YQRepo/pico/pico-sdk/src/common/pico_time/time.c.obj
 *fill*         0x20000f14        0xc 
 .data.aeabi_bits_funcs
                0x20000f20       0x10 CMakeFiles/blink.dir/D_/YQRepo/pico/pico-sdk/src/rp2_common/pico_bit_ops/bit_ops_aeabi.S.obj
                0x20000f20                aeabi_bits_funcs
                0x20000f30                aeabi_bits_funcs_end
 .data.aeabi_mem_funcs
                0x20000f30       0x10 CMakeFiles/blink.dir/D_/YQRepo/pico/pico-sdk/src/rp2_common/pico_mem_ops/mem_ops_aeabi.S.obj
                0x20000f30                aeabi_mem_funcs
                0x20000f40                aeabi_mem_funcs_end
 .data.stdio_usb
                0x20000f40       0x18 CMakeFiles/blink.dir/D_/YQRepo/pico/pico-sdk/src/rp2_common/pico_stdio_usb/stdio_usb.c.obj
                0x20000f40                stdio_usb
 .data.ep_dir_string
                0x20000f58        0x8 CMakeFiles/blink.dir/D_/YQRepo/pico/pico-sdk/lib/tinyusb/src/portable/raspberrypi/rp2040/rp2040_usb.c.obj
                0x20000f58                ep_dir_string
 .data._usbd_qdef
                0x20000f60       0x1c CMakeFiles/blink.dir/D_/YQRepo/pico/pico-sdk/lib/tinyusb/src/device/usbd.c.obj
                0x20000f60                _usbd_qdef
 .data._usbd_rhport
                0x20000f7c        0x1 CMakeFiles/blink.dir/D_/YQRepo/pico/pico-sdk/lib/tinyusb/src/device/usbd.c.obj
 *fill*         0x20000f7d        0x3 
 .data._impure_ptr
                0x20000f80        0x4 c:/progra~2/gnuarm~1/102021~1.10/bin/../lib/gcc/arm-none-eabi/10.3.1/../../../../arm-none-eabi/lib/thumb/v6-m/nofp\libc.a(lib_a-impure.o)
                0x20000f80                _impure_ptr
 *fill*         0x20000f84        0x4 
 .data.impure_data
                0x20000f88      0x428 c:/progra~2/gnuarm~1/102021~1.10/bin/../lib/gcc/arm-none-eabi/10.3.1/../../../../arm-none-eabi/lib/thumb/v6-m/nofp\libc.a(lib_a-impure.o)
                0x200013b0                . = ALIGN (0x4)
 *(.after_data.*)
                0x200013b0                . = ALIGN (0x4)
                0x200013b0                PROVIDE (__mutex_array_start = .)
 *(SORT_BY_NAME(.mutex_array.*))
 *(.mutex_array)
 .mutex_array   0x200013b0        0x8 CMakeFiles/blink.dir/D_/YQRepo/pico/pico-sdk/src/rp2_common/pico_stdio/stdio.c.obj
                0x200013b8                PROVIDE (__mutex_array_end = .)
                0x200013b8                . = ALIGN (0x4)
                0x200013b8                PROVIDE (__preinit_array_start = .)
 *(SORT_BY_NAME(.preinit_array.*))
 .preinit_array.00001
                0x200013b8        0x4 CMakeFiles/blink.dir/D_/YQRepo/pico/pico-sdk/src/rp2_common/pico_mem_ops/mem_ops_aeabi.S.obj
 .preinit_array.00010
                0x200013bc        0x4 CMakeFiles/blink.dir/D_/YQRepo/pico/pico-sdk/src/rp2_common/pico_bit_ops/bit_ops_aeabi.S.obj
 .preinit_array.00020
                0x200013c0        0x4 CMakeFiles/blink.dir/D_/YQRepo/pico/pico-sdk/src/rp2_common/pico_double/double_aeabi.S.obj
 .preinit_array.00020
                0x200013c4        0x4 CMakeFiles/blink.dir/D_/YQRepo/pico/pico-sdk/src/rp2_common/pico_float/float_aeabi.S.obj
 *(.preinit_array)
                0x200013c8                PROVIDE (__preinit_array_end = .)
                0x200013c8                . = ALIGN (0x4)
                0x200013c8                PROVIDE (__init_array_start = .)
 *(SORT_BY_NAME(.init_array.*))
 *(.init_array)
 .init_array    0x200013c8        0x4 c:/progra~2/gnuarm~1/102021~1.10/bin/../lib/gcc/arm-none-eabi/10.3.1/thumb/v6-m/nofp/crtbegin.o
 .init_array    0x200013cc        0x4 CMakeFiles/blink.dir/D_/YQRepo/pico/pico-sdk/src/rp2_common/pico_unique_id/unique_id.c.obj
                0x200013d0                PROVIDE (__init_array_end = .)
                0x200013d0                . = ALIGN (0x4)
                [!provide]                PROVIDE (__fini_array_start = .)
 *(SORT_BY_NAME(.fini_array.*))
 *(.fini_array)
                [!provide]                PROVIDE (__fini_array_end = .)
 *(.jcr)
                0x200013d0                . = ALIGN (0x4)
                0x200013d0                __data_end__ = .

.igot.plt       0x200013d0        0x0 load address 0x100065b8
 .igot.plt      0x200013d0        0x0 c:/progra~2/gnuarm~1/102021~1.10/bin/../lib/gcc/arm-none-eabi/10.3.1/thumb/v6-m/nofp/crtbegin.o

.uninitialized_data
                0x200013d0        0x0 load address 0x100065b8
                0x200013d0                . = ALIGN (0x4)
 *(.uninitialized_data*)

.scratch_x      0x20040000        0x0 load address 0x100065b8
                0x20040000                __scratch_x_start__ = .
 *(.scratch_x.*)
                0x20040000                . = ALIGN (0x4)
                0x20040000                __scratch_x_end__ = .
                0x100065b8                __scratch_x_source__ = LOADADDR (.scratch_x)

.scratch_y      0x20041000        0x0 load address 0x100065b8
                0x20041000                __scratch_y_start__ = .
 *(.scratch_y.*)
                0x20041000                . = ALIGN (0x4)
                0x20041000                __scratch_y_end__ = .
                0x100065b8                __scratch_y_source__ = LOADADDR (.scratch_y)

.bss            0x200013d0      0xfbc
                0x200013d0                . = ALIGN (0x4)
                0x200013d0                __bss_start__ = .
 *(SORT_BY_ALIGNMENT(SORT_BY_NAME(.bss*)))
 .bss.default_alarm_pool_entries
                0x200013d0      0x100 CMakeFiles/blink.dir/D_/YQRepo/pico/pico-sdk/src/common/pico_time/time.c.obj
 .bss.last_avail_time.1
                0x200014d0        0x8 CMakeFiles/blink.dir/D_/YQRepo/pico/pico-sdk/src/rp2_common/pico_stdio_usb/stdio_usb.c.obj
 .bss.sd_table  0x200014d8      0x100 CMakeFiles/blink.dir/D_/YQRepo/pico/pico-sdk/src/rp2_common/pico_double/double_init_rom.c.obj
                0x200014d8                sd_table
 .bss.sf_table  0x200015d8      0x100 CMakeFiles/blink.dir/D_/YQRepo/pico/pico-sdk/src/rp2_common/pico_float/float_init_rom.c.obj
                0x200015d8                sf_table
 .bss           0x200016d8       0x1c c:/progra~2/gnuarm~1/102021~1.10/bin/../lib/gcc/arm-none-eabi/10.3.1/thumb/v6-m/nofp/crtbegin.o
 .bss.Randnum_fingernum
                0x200016f4        0x4 CMakeFiles/blink.dir/main.c.obj
                0x200016f4                Randnum_fingernum
 .bss.UART_Sendor_CMD
                0x200016f8      0x104 CMakeFiles/blink.dir/main.c.obj
                0x200016f8                UART_Sendor_CMD
 .bss._app_driver
                0x200017fc        0x4 CMakeFiles/blink.dir/D_/YQRepo/pico/pico-sdk/lib/tinyusb/src/device/usbd.c.obj
 .bss._cdcd_itf
                0x20001800      0x2c8 CMakeFiles/blink.dir/D_/YQRepo/pico/pico-sdk/lib/tinyusb/src/class/cdc/cdc_device.c.obj
 .bss._ctrl_xfer
                0x20001ac8       0x14 CMakeFiles/blink.dir/D_/YQRepo/pico/pico-sdk/lib/tinyusb/src/device/usbd_control.c.obj
 .bss._ubsd_mutexdef
                0x20001adc        0x8 CMakeFiles/blink.dir/D_/YQRepo/pico/pico-sdk/lib/tinyusb/src/device/usbd.c.obj
 .bss._usbd_ctrl_buf
                0x20001ae4       0x40 CMakeFiles/blink.dir/D_/YQRepo/pico/pico-sdk/lib/tinyusb/src/device/usbd_control.c.obj
 .bss._usbd_dev
                0x20001b24       0x53 CMakeFiles/blink.dir/D_/YQRepo/pico/pico-sdk/lib/tinyusb/src/device/usbd.c.obj
 *fill*         0x20001b77        0x1 
 .bss._usbd_mutex
                0x20001b78        0x4 CMakeFiles/blink.dir/D_/YQRepo/pico/pico-sdk/lib/tinyusb/src/device/usbd.c.obj
 .bss._usbd_q   0x20001b7c        0x4 CMakeFiles/blink.dir/D_/YQRepo/pico/pico-sdk/lib/tinyusb/src/device/usbd.c.obj
 .bss._usbd_qdef_buf
                0x20001b80       0xc0 CMakeFiles/blink.dir/D_/YQRepo/pico/pico-sdk/lib/tinyusb/src/device/usbd.c.obj
                0x20001b80                _usbd_qdef_buf
 .bss.alarm_callbacks
                0x20001c40       0x10 CMakeFiles/blink.dir/D_/YQRepo/pico/pico-sdk/src/rp2_common/hardware_timer/timer.c.obj
 .bss.boot2_copyout
                0x20001c50      0x100 CMakeFiles/blink.dir/D_/YQRepo/pico/pico-sdk/src/rp2_common/hardware_flash/flash.c.obj
 .bss.chars_available_callback
                0x20001d50        0x4 CMakeFiles/blink.dir/D_/YQRepo/pico/pico-sdk/src/rp2_common/pico_stdio_usb/stdio_usb.c.obj
 .bss.chars_available_param
                0x20001d54        0x4 CMakeFiles/blink.dir/D_/YQRepo/pico/pico-sdk/src/rp2_common/pico_stdio_usb/stdio_usb.c.obj
 .bss.claimed   0x20001d58        0x4 CMakeFiles/blink.dir/D_/YQRepo/pico/pico-sdk/src/rp2_common/hardware_sync/sync.c.obj
 .bss.configured_freq
                0x20001d5c       0x28 CMakeFiles/blink.dir/D_/YQRepo/pico/pico-sdk/src/rp2_common/hardware_clocks/clocks.c.obj
 .bss.default_alarm_pool_entry_ids_high
                0x20001d84       0x10 CMakeFiles/blink.dir/D_/YQRepo/pico/pico-sdk/src/common/pico_time/time.c.obj
 .bss.default_alarm_pool_heap_nodes
                0x20001d94       0x30 CMakeFiles/blink.dir/D_/YQRepo/pico/pico-sdk/src/common/pico_time/time.c.obj
 .bss.desc_str.0
                0x20001dc4       0x28 CMakeFiles/blink.dir/D_/YQRepo/pico/pico-sdk/src/rp2_common/pico_stdio_usb/stdio_usb_descriptors.c.obj
 .bss.drivers   0x20001dec        0x4 CMakeFiles/blink.dir/D_/YQRepo/pico/pico-sdk/src/rp2_common/pico_stdio/stdio.c.obj
 .bss.e15_last_sof
                0x20001df0        0x4 CMakeFiles/blink.dir/D_/YQRepo/pico/pico-sdk/lib/tinyusb/src/portable/raspberrypi/rp2040/rp2040_usb.c.obj
                0x20001df0                e15_last_sof
 .bss.filter    0x20001df4        0x4 CMakeFiles/blink.dir/D_/YQRepo/pico/pico-sdk/src/rp2_common/pico_stdio/stdio.c.obj
 .bss.hundredth_max
                0x20001df8        0x4 CMakeFiles/blink.dir/main.c.obj
                0x20001df8                hundredth_max
 .bss.hundredth_min
                0x20001dfc        0x4 CMakeFiles/blink.dir/main.c.obj
                0x20001dfc                hundredth_min
 .bss.hw_endpoints
                0x20001e00      0x400 CMakeFiles/blink.dir/D_/YQRepo/pico/pico-sdk/lib/tinyusb/src/portable/raspberrypi/rp2040/dcd_rp2040.c.obj
 .bss.lazy_vsnprintf
                0x20002200        0x4 CMakeFiles/blink.dir/D_/YQRepo/pico/pico-sdk/src/rp2_common/pico_printf/printf.c.obj
 .bss.len_chars
                0x20002204        0x4 CMakeFiles/blink.dir/main.c.obj
                0x20002204                len_chars
 .bss.load_value
                0x20002208        0x4 CMakeFiles/blink.dir/D_/YQRepo/pico/pico-sdk/src/rp2_common/hardware_watchdog/watchdog.c.obj
 .bss.max_n_current
                0x2000220c        0x4 CMakeFiles/blink.dir/main.c.obj
                0x2000220c                max_n_current
 .bss.min_n_current
                0x20002210        0x4 CMakeFiles/blink.dir/main.c.obj
                0x20002210                min_n_current
 .bss.next_buffer_ptr
                0x20002214        0x4 CMakeFiles/blink.dir/D_/YQRepo/pico/pico-sdk/lib/tinyusb/src/portable/raspberrypi/rp2040/dcd_rp2040.c.obj
 .bss.one_shot_timer_crit_sec
                0x20002218        0x8 CMakeFiles/blink.dir/D_/YQRepo/pico/pico-sdk/src/rp2_common/pico_stdio_usb/stdio_usb.c.obj
 .bss.pools     0x20002220       0x10 CMakeFiles/blink.dir/D_/YQRepo/pico/pico-sdk/src/common/pico_time/time.c.obj
 .bss.retrieved_id
                0x20002230        0x8 CMakeFiles/blink.dir/D_/YQRepo/pico/pico-sdk/src/rp2_common/pico_unique_id/unique_id.c.obj
 .bss.sf_clz_func
                0x20002238        0x4 CMakeFiles/blink.dir/D_/YQRepo/pico/pico-sdk/src/rp2_common/pico_double/double_init_rom.c.obj
                0x20002238                sf_clz_func
 .bss.sleep_notifier
                0x2000223c        0x4 CMakeFiles/blink.dir/D_/YQRepo/pico/pico-sdk/src/common/pico_time/time.c.obj
 .bss.stdio_usb_mutex
                0x20002240        0x8 CMakeFiles/blink.dir/D_/YQRepo/pico/pico-sdk/src/rp2_common/pico_stdio_usb/stdio_usb.c.obj
 .bss.target_hi
                0x20002248       0x10 CMakeFiles/blink.dir/D_/YQRepo/pico/pico-sdk/src/rp2_common/hardware_timer/timer.c.obj
 .bss.thousandth_max
                0x20002258        0x4 CMakeFiles/blink.dir/main.c.obj
                0x20002258                thousandth_max
 .bss.thousandth_min
                0x2000225c        0x4 CMakeFiles/blink.dir/main.c.obj
                0x2000225c                thousandth_min
 .bss.threshold_brightness
                0x20002260        0x4 CMakeFiles/blink.dir/main.c.obj
                0x20002260                threshold_brightness
 .bss.threshold_voltage
                0x20002264        0x4 CMakeFiles/blink.dir/main.c.obj
                0x20002264                threshold_voltage
 .bss.uart_buffer
                0x20002268      0x100 CMakeFiles/blink.dir/main.c.obj
                0x20002268                uart_buffer
 .bss.uart_char_to_line_feed
                0x20002368        0x4 CMakeFiles/blink.dir/D_/YQRepo/pico/pico-sdk/src/rp2_common/hardware_uart/uart.c.obj
                0x20002368                uart_char_to_line_feed
 .bss.usbd_serial_str
                0x2000236c       0x11 CMakeFiles/blink.dir/D_/YQRepo/pico/pico-sdk/src/rp2_common/pico_stdio_usb/stdio_usb_descriptors.c.obj
 .bss.FaultInjection
                0x2000237d        0x1 CMakeFiles/blink.dir/main.c.obj
                0x2000237d                FaultInjection
 .bss.IsEnableACK
                0x2000237e        0x1 CMakeFiles/blink.dir/main.c.obj
                0x2000237e                IsEnableACK
 .bss.IsWakeup  0x2000237f        0x1 CMakeFiles/blink.dir/main.c.obj
                0x2000237f                IsWakeup
 .bss._app_driver_count
                0x20002380        0x1 CMakeFiles/blink.dir/D_/YQRepo/pico/pico-sdk/lib/tinyusb/src/device/usbd.c.obj
 .bss._id       0x20002381        0x1 CMakeFiles/blink.dir/main.c.obj
                0x20002381                _id
 .bss._sof_enable
                0x20002382        0x1 CMakeFiles/blink.dir/D_/YQRepo/pico/pico-sdk/lib/tinyusb/src/portable/raspberrypi/rp2040/dcd_rp2040.c.obj
 .bss.boot2_copyout_valid
                0x20002383        0x1 CMakeFiles/blink.dir/D_/YQRepo/pico/pico-sdk/src/rp2_common/hardware_flash/flash.c.obj
 .bss.claimed   0x20002384        0x1 CMakeFiles/blink.dir/D_/YQRepo/pico/pico-sdk/src/rp2_common/hardware_timer/timer.c.obj
 .bss.irq_hander_chain_free_slot_head
                0x20002385        0x1 CMakeFiles/blink.dir/D_/YQRepo/pico/pico-sdk/src/rp2_common/hardware_irq/irq.c.obj
 .bss.itf_num   0x20002386        0x1 CMakeFiles/blink.dir/D_/YQRepo/pico/pico-sdk/src/rp2_common/pico_stdio_usb/reset_interface.c.obj
 .bss.low_priority_irq_num
                0x20002387        0x1 CMakeFiles/blink.dir/D_/YQRepo/pico/pico-sdk/src/rp2_common/pico_stdio_usb/stdio_usb.c.obj
 .bss.one_shot_timer_pending
                0x20002388        0x1 CMakeFiles/blink.dir/D_/YQRepo/pico/pico-sdk/src/rp2_common/pico_stdio_usb/stdio_usb.c.obj
 .bss.timer_callbacks_pending
                0x20002389        0x1 CMakeFiles/blink.dir/D_/YQRepo/pico/pico-sdk/src/rp2_common/hardware_timer/timer.c.obj
 .bss.user_irq_claimed
                0x2000238a        0x1 CMakeFiles/blink.dir/D_/YQRepo/pico/pico-sdk/src/rp2_common/hardware_irq/irq.c.obj
 *(COMMON)
                0x2000238c                . = ALIGN (0x4)
 *fill*         0x2000238b        0x1 
                0x2000238c                __bss_end__ = .

.heap           0x2000238c      0x800
                0x2000238c                __end__ = .
                0x2000238c                end = __end__
 *(.heap*)
 .heap          0x2000238c      0x800 CMakeFiles/blink.dir/D_/YQRepo/pico/pico-sdk/src/rp2_common/pico_standard_link/crt0.S.obj
                0x20002b8c                __HeapLimit = .

.stack1_dummy   0x20040000        0x0
 *(.stack1*)

.stack_dummy    0x20041000      0x800
 *(.stack*)
 .stack         0x20041000      0x800 CMakeFiles/blink.dir/D_/YQRepo/pico/pico-sdk/src/rp2_common/pico_standard_link/crt0.S.obj

.flash_end      0x100065b8        0x0
                0x100065b8                __flash_binary_end = .
                0x20040000                __StackLimit = (ORIGIN (RAM) + LENGTH (RAM))
                0x20041000                __StackOneTop = (ORIGIN (SCRATCH_X) + LENGTH (SCRATCH_X))
                0x20042000                __StackTop = (ORIGIN (SCRATCH_Y) + LENGTH (SCRATCH_Y))
                0x20041000                __StackOneBottom = (__StackOneTop - SIZEOF (.stack1_dummy))
                0x20041800                __StackBottom = (__StackTop - SIZEOF (.stack_dummy))
                0x20042000                PROVIDE (__stack = __StackTop)
                0x00000001                ASSERT ((__StackLimit >= __HeapLimit), region RAM overflowed)
                0x00000001                ASSERT (((__binary_info_header_end - __logical_binary_start) <= 0x100), Binary info must be in first 256 bytes of the binary)
LOAD CMakeFiles/blink.dir/main.c.obj
LOAD CMakeFiles/blink.dir/D_/YQRepo/pico/pico-sdk/src/rp2_common/pico_stdlib/stdlib.c.obj
LOAD CMakeFiles/blink.dir/D_/YQRepo/pico/pico-sdk/src/rp2_common/hardware_gpio/gpio.c.obj
LOAD CMakeFiles/blink.dir/D_/YQRepo/pico/pico-sdk/src/rp2_common/pico_platform/platform.c.obj
LOAD CMakeFiles/blink.dir/D_/YQRepo/pico/pico-sdk/src/rp2_common/hardware_claim/claim.c.obj
LOAD CMakeFiles/blink.dir/D_/YQRepo/pico/pico-sdk/src/rp2_common/hardware_sync/sync.c.obj
LOAD CMakeFiles/blink.dir/D_/YQRepo/pico/pico-sdk/src/rp2_common/hardware_irq/irq.c.obj
LOAD CMakeFiles/blink.dir/D_/YQRepo/pico/pico-sdk/src/rp2_common/hardware_irq/irq_handler_chain.S.obj
LOAD CMakeFiles/blink.dir/D_/YQRepo/pico/pico-sdk/src/common/pico_sync/sem.c.obj
LOAD CMakeFiles/blink.dir/D_/YQRepo/pico/pico-sdk/src/common/pico_sync/lock_core.c.obj
LOAD CMakeFiles/blink.dir/D_/YQRepo/pico/pico-sdk/src/common/pico_sync/mutex.c.obj
LOAD CMakeFiles/blink.dir/D_/YQRepo/pico/pico-sdk/src/common/pico_sync/critical_section.c.obj
LOAD CMakeFiles/blink.dir/D_/YQRepo/pico/pico-sdk/src/common/pico_time/time.c.obj
LOAD CMakeFiles/blink.dir/D_/YQRepo/pico/pico-sdk/src/common/pico_time/timeout_helper.c.obj
LOAD CMakeFiles/blink.dir/D_/YQRepo/pico/pico-sdk/src/rp2_common/hardware_timer/timer.c.obj
LOAD CMakeFiles/blink.dir/D_/YQRepo/pico/pico-sdk/src/common/pico_util/datetime.c.obj
LOAD CMakeFiles/blink.dir/D_/YQRepo/pico/pico-sdk/src/common/pico_util/pheap.c.obj
LOAD CMakeFiles/blink.dir/D_/YQRepo/pico/pico-sdk/src/common/pico_util/queue.c.obj
LOAD CMakeFiles/blink.dir/D_/YQRepo/pico/pico-sdk/src/rp2_common/hardware_uart/uart.c.obj
LOAD CMakeFiles/blink.dir/D_/YQRepo/pico/pico-sdk/src/rp2_common/hardware_clocks/clocks.c.obj
LOAD CMakeFiles/blink.dir/D_/YQRepo/pico/pico-sdk/src/rp2_common/hardware_pll/pll.c.obj
LOAD CMakeFiles/blink.dir/D_/YQRepo/pico/pico-sdk/src/rp2_common/hardware_vreg/vreg.c.obj
LOAD CMakeFiles/blink.dir/D_/YQRepo/pico/pico-sdk/src/rp2_common/hardware_watchdog/watchdog.c.obj
LOAD CMakeFiles/blink.dir/D_/YQRepo/pico/pico-sdk/src/rp2_common/hardware_xosc/xosc.c.obj
LOAD CMakeFiles/blink.dir/D_/YQRepo/pico/pico-sdk/src/rp2_common/hardware_divider/divider.S.obj
LOAD CMakeFiles/blink.dir/D_/YQRepo/pico/pico-sdk/src/rp2_common/pico_runtime/runtime.c.obj
LOAD CMakeFiles/blink.dir/D_/YQRepo/pico/pico-sdk/src/rp2_common/pico_printf/printf.c.obj
LOAD CMakeFiles/blink.dir/D_/YQRepo/pico/pico-sdk/src/rp2_common/pico_bit_ops/bit_ops_aeabi.S.obj
LOAD CMakeFiles/blink.dir/D_/YQRepo/pico/pico-sdk/src/rp2_common/pico_bootrom/bootrom.c.obj
LOAD CMakeFiles/blink.dir/D_/YQRepo/pico/pico-sdk/src/rp2_common/pico_divider/divider.S.obj
LOAD CMakeFiles/blink.dir/D_/YQRepo/pico/pico-sdk/src/rp2_common/pico_double/double_aeabi.S.obj
LOAD CMakeFiles/blink.dir/D_/YQRepo/pico/pico-sdk/src/rp2_common/pico_double/double_init_rom.c.obj
LOAD CMakeFiles/blink.dir/D_/YQRepo/pico/pico-sdk/src/rp2_common/pico_double/double_math.c.obj
LOAD CMakeFiles/blink.dir/D_/YQRepo/pico/pico-sdk/src/rp2_common/pico_double/double_v1_rom_shim.S.obj
LOAD CMakeFiles/blink.dir/D_/YQRepo/pico/pico-sdk/src/rp2_common/pico_int64_ops/pico_int64_ops_aeabi.S.obj
LOAD CMakeFiles/blink.dir/D_/YQRepo/pico/pico-sdk/src/rp2_common/pico_float/float_aeabi.S.obj
LOAD CMakeFiles/blink.dir/D_/YQRepo/pico/pico-sdk/src/rp2_common/pico_float/float_init_rom.c.obj
LOAD CMakeFiles/blink.dir/D_/YQRepo/pico/pico-sdk/src/rp2_common/pico_float/float_math.c.obj
LOAD CMakeFiles/blink.dir/D_/YQRepo/pico/pico-sdk/src/rp2_common/pico_float/float_v1_rom_shim.S.obj
LOAD CMakeFiles/blink.dir/D_/YQRepo/pico/pico-sdk/src/rp2_common/pico_malloc/pico_malloc.c.obj
LOAD CMakeFiles/blink.dir/D_/YQRepo/pico/pico-sdk/src/rp2_common/pico_mem_ops/mem_ops_aeabi.S.obj
LOAD CMakeFiles/blink.dir/D_/YQRepo/pico/pico-sdk/src/rp2_common/pico_standard_link/crt0.S.obj
LOAD CMakeFiles/blink.dir/D_/YQRepo/pico/pico-sdk/src/rp2_common/pico_standard_link/new_delete.cpp.obj
LOAD CMakeFiles/blink.dir/D_/YQRepo/pico/pico-sdk/src/rp2_common/pico_standard_link/binary_info.c.obj
LOAD CMakeFiles/blink.dir/D_/YQRepo/pico/pico-sdk/src/rp2_common/pico_stdio/stdio.c.obj
LOAD CMakeFiles/blink.dir/D_/YQRepo/pico/pico-sdk/src/rp2_common/pico_stdio_usb/reset_interface.c.obj
LOAD CMakeFiles/blink.dir/D_/YQRepo/pico/pico-sdk/src/rp2_common/pico_stdio_usb/stdio_usb.c.obj
LOAD CMakeFiles/blink.dir/D_/YQRepo/pico/pico-sdk/src/rp2_common/pico_stdio_usb/stdio_usb_descriptors.c.obj
LOAD CMakeFiles/blink.dir/D_/YQRepo/pico/pico-sdk/src/rp2_common/pico_unique_id/unique_id.c.obj
LOAD CMakeFiles/blink.dir/D_/YQRepo/pico/pico-sdk/src/rp2_common/hardware_flash/flash.c.obj
LOAD CMakeFiles/blink.dir/D_/YQRepo/pico/pico-sdk/lib/tinyusb/src/portable/raspberrypi/rp2040/dcd_rp2040.c.obj
LOAD CMakeFiles/blink.dir/D_/YQRepo/pico/pico-sdk/lib/tinyusb/src/portable/raspberrypi/rp2040/rp2040_usb.c.obj
LOAD CMakeFiles/blink.dir/D_/YQRepo/pico/pico-sdk/lib/tinyusb/src/device/usbd.c.obj
LOAD CMakeFiles/blink.dir/D_/YQRepo/pico/pico-sdk/lib/tinyusb/src/device/usbd_control.c.obj
LOAD CMakeFiles/blink.dir/D_/YQRepo/pico/pico-sdk/lib/tinyusb/src/class/audio/audio_device.c.obj
LOAD CMakeFiles/blink.dir/D_/YQRepo/pico/pico-sdk/lib/tinyusb/src/class/cdc/cdc_device.c.obj
LOAD CMakeFiles/blink.dir/D_/YQRepo/pico/pico-sdk/lib/tinyusb/src/class/dfu/dfu_device.c.obj
LOAD CMakeFiles/blink.dir/D_/YQRepo/pico/pico-sdk/lib/tinyusb/src/class/dfu/dfu_rt_device.c.obj
LOAD CMakeFiles/blink.dir/D_/YQRepo/pico/pico-sdk/lib/tinyusb/src/class/hid/hid_device.c.obj
LOAD CMakeFiles/blink.dir/D_/YQRepo/pico/pico-sdk/lib/tinyusb/src/class/midi/midi_device.c.obj
LOAD CMakeFiles/blink.dir/D_/YQRepo/pico/pico-sdk/lib/tinyusb/src/class/msc/msc_device.c.obj
LOAD CMakeFiles/blink.dir/D_/YQRepo/pico/pico-sdk/lib/tinyusb/src/class/net/ecm_rndis_device.c.obj
LOAD CMakeFiles/blink.dir/D_/YQRepo/pico/pico-sdk/lib/tinyusb/src/class/net/ncm_device.c.obj
LOAD CMakeFiles/blink.dir/D_/YQRepo/pico/pico-sdk/lib/tinyusb/src/class/usbtmc/usbtmc_device.c.obj
LOAD CMakeFiles/blink.dir/D_/YQRepo/pico/pico-sdk/lib/tinyusb/src/class/vendor/vendor_device.c.obj
LOAD CMakeFiles/blink.dir/D_/YQRepo/pico/pico-sdk/lib/tinyusb/src/class/video/video_device.c.obj
LOAD CMakeFiles/blink.dir/D_/YQRepo/pico/pico-sdk/lib/tinyusb/src/tusb.c.obj
LOAD CMakeFiles/blink.dir/D_/YQRepo/pico/pico-sdk/lib/tinyusb/src/common/tusb_fifo.c.obj
LOAD CMakeFiles/blink.dir/D_/YQRepo/pico/pico-sdk/src/rp2_common/pico_fix/rp2040_usb_device_enumeration/rp2040_usb_device_enumeration.c.obj
LOAD C:\Users\User\AppData\Local\Temp\ccoiXnvB.o
LOAD c:/progra~2/gnuarm~1/102021~1.10/bin/../lib/gcc/arm-none-eabi/10.3.1/../../../../arm-none-eabi/lib/thumb/v6-m/nofp\libstdc++.a
LOAD c:/progra~2/gnuarm~1/102021~1.10/bin/../lib/gcc/arm-none-eabi/10.3.1/../../../../arm-none-eabi/lib/thumb/v6-m/nofp\libm.a
START GROUP
LOAD c:/progra~2/gnuarm~1/102021~1.10/bin/../lib/gcc/arm-none-eabi/10.3.1/thumb/v6-m/nofp\libgcc.a
LOAD c:/progra~2/gnuarm~1/102021~1.10/bin/../lib/gcc/arm-none-eabi/10.3.1/../../../../arm-none-eabi/lib/thumb/v6-m/nofp\libc.a
END GROUP
START GROUP
LOAD c:/progra~2/gnuarm~1/102021~1.10/bin/../lib/gcc/arm-none-eabi/10.3.1/thumb/v6-m/nofp\libgcc.a
LOAD c:/progra~2/gnuarm~1/102021~1.10/bin/../lib/gcc/arm-none-eabi/10.3.1/../../../../arm-none-eabi/lib/thumb/v6-m/nofp\libc.a
LOAD c:/progra~2/gnuarm~1/102021~1.10/bin/../lib/gcc/arm-none-eabi/10.3.1/../../../../arm-none-eabi/lib/thumb/v6-m/nofp\libnosys.a
END GROUP
LOAD c:/progra~2/gnuarm~1/102021~1.10/bin/../lib/gcc/arm-none-eabi/10.3.1/thumb/v6-m/nofp/crtend.o
LOAD c:/progra~2/gnuarm~1/102021~1.10/bin/../lib/gcc/arm-none-eabi/10.3.1/thumb/v6-m/nofp/crtn.o
OUTPUT(blink.elf elf32-littlearm)
LOAD linker stubs

.ARM.attributes
                0x00000000       0x28
 .ARM.attributes
                0x00000000       0x1e c:/progra~2/gnuarm~1/102021~1.10/bin/../lib/gcc/arm-none-eabi/10.3.1/thumb/v6-m/nofp/crti.o
 .ARM.attributes
                0x0000001e       0x2c c:/progra~2/gnuarm~1/102021~1.10/bin/../lib/gcc/arm-none-eabi/10.3.1/thumb/v6-m/nofp/crtbegin.o
 .ARM.attributes
                0x0000004a       0x2c CMakeFiles/blink.dir/main.c.obj
 .ARM.attributes
                0x00000076       0x2c CMakeFiles/blink.dir/D_/YQRepo/pico/pico-sdk/src/rp2_common/hardware_gpio/gpio.c.obj
 .ARM.attributes
                0x000000a2       0x2c CMakeFiles/blink.dir/D_/YQRepo/pico/pico-sdk/src/rp2_common/pico_platform/platform.c.obj
 .ARM.attributes
                0x000000ce       0x2c CMakeFiles/blink.dir/D_/YQRepo/pico/pico-sdk/src/rp2_common/hardware_claim/claim.c.obj
 .ARM.attributes
                0x000000fa       0x2c CMakeFiles/blink.dir/D_/YQRepo/pico/pico-sdk/src/rp2_common/hardware_sync/sync.c.obj
 .ARM.attributes
                0x00000126       0x2c CMakeFiles/blink.dir/D_/YQRepo/pico/pico-sdk/src/rp2_common/hardware_irq/irq.c.obj
 .ARM.attributes
                0x00000152       0x22 CMakeFiles/blink.dir/D_/YQRepo/pico/pico-sdk/src/rp2_common/hardware_irq/irq_handler_chain.S.obj
 .ARM.attributes
                0x00000174       0x2c CMakeFiles/blink.dir/D_/YQRepo/pico/pico-sdk/src/common/pico_sync/lock_core.c.obj
 .ARM.attributes
                0x000001a0       0x2c CMakeFiles/blink.dir/D_/YQRepo/pico/pico-sdk/src/common/pico_sync/mutex.c.obj
 .ARM.attributes
                0x000001cc       0x2c CMakeFiles/blink.dir/D_/YQRepo/pico/pico-sdk/src/common/pico_sync/critical_section.c.obj
 .ARM.attributes
                0x000001f8       0x2c CMakeFiles/blink.dir/D_/YQRepo/pico/pico-sdk/src/common/pico_time/time.c.obj
 .ARM.attributes
                0x00000224       0x2c CMakeFiles/blink.dir/D_/YQRepo/pico/pico-sdk/src/rp2_common/hardware_timer/timer.c.obj
 .ARM.attributes
                0x00000250       0x2c CMakeFiles/blink.dir/D_/YQRepo/pico/pico-sdk/src/common/pico_util/pheap.c.obj
 .ARM.attributes
                0x0000027c       0x2c CMakeFiles/blink.dir/D_/YQRepo/pico/pico-sdk/src/rp2_common/hardware_uart/uart.c.obj
 .ARM.attributes
                0x000002a8       0x2c CMakeFiles/blink.dir/D_/YQRepo/pico/pico-sdk/src/rp2_common/hardware_clocks/clocks.c.obj
 .ARM.attributes
                0x000002d4       0x2c CMakeFiles/blink.dir/D_/YQRepo/pico/pico-sdk/src/rp2_common/hardware_pll/pll.c.obj
 .ARM.attributes
                0x00000300       0x2c CMakeFiles/blink.dir/D_/YQRepo/pico/pico-sdk/src/rp2_common/hardware_watchdog/watchdog.c.obj
 .ARM.attributes
                0x0000032c       0x2c CMakeFiles/blink.dir/D_/YQRepo/pico/pico-sdk/src/rp2_common/hardware_xosc/xosc.c.obj
 .ARM.attributes
                0x00000358       0x2c CMakeFiles/blink.dir/D_/YQRepo/pico/pico-sdk/src/rp2_common/pico_runtime/runtime.c.obj
 .ARM.attributes
                0x00000384       0x2c CMakeFiles/blink.dir/D_/YQRepo/pico/pico-sdk/src/rp2_common/pico_printf/printf.c.obj
 .ARM.attributes
                0x000003b0       0x22 CMakeFiles/blink.dir/D_/YQRepo/pico/pico-sdk/src/rp2_common/pico_bit_ops/bit_ops_aeabi.S.obj
 .ARM.attributes
                0x000003d2       0x2c CMakeFiles/blink.dir/D_/YQRepo/pico/pico-sdk/src/rp2_common/pico_bootrom/bootrom.c.obj
 .ARM.attributes
                0x000003fe       0x22 CMakeFiles/blink.dir/D_/YQRepo/pico/pico-sdk/src/rp2_common/pico_divider/divider.S.obj
 .ARM.attributes
                0x00000420       0x22 CMakeFiles/blink.dir/D_/YQRepo/pico/pico-sdk/src/rp2_common/pico_double/double_aeabi.S.obj
 .ARM.attributes
                0x00000442       0x2c CMakeFiles/blink.dir/D_/YQRepo/pico/pico-sdk/src/rp2_common/pico_double/double_init_rom.c.obj
 .ARM.attributes
                0x0000046e       0x22 CMakeFiles/blink.dir/D_/YQRepo/pico/pico-sdk/src/rp2_common/pico_double/double_v1_rom_shim.S.obj
 .ARM.attributes
                0x00000490       0x22 CMakeFiles/blink.dir/D_/YQRepo/pico/pico-sdk/src/rp2_common/pico_int64_ops/pico_int64_ops_aeabi.S.obj
 .ARM.attributes
                0x000004b2       0x22 CMakeFiles/blink.dir/D_/YQRepo/pico/pico-sdk/src/rp2_common/pico_float/float_aeabi.S.obj
 .ARM.attributes
                0x000004d4       0x2c CMakeFiles/blink.dir/D_/YQRepo/pico/pico-sdk/src/rp2_common/pico_float/float_init_rom.c.obj
 .ARM.attributes
                0x00000500       0x22 CMakeFiles/blink.dir/D_/YQRepo/pico/pico-sdk/src/rp2_common/pico_float/float_v1_rom_shim.S.obj
 .ARM.attributes
                0x00000522       0x22 CMakeFiles/blink.dir/D_/YQRepo/pico/pico-sdk/src/rp2_common/pico_mem_ops/mem_ops_aeabi.S.obj
 .ARM.attributes
                0x00000544       0x22 CMakeFiles/blink.dir/D_/YQRepo/pico/pico-sdk/src/rp2_common/pico_standard_link/crt0.S.obj
 .ARM.attributes
                0x00000566       0x2c CMakeFiles/blink.dir/D_/YQRepo/pico/pico-sdk/src/rp2_common/pico_standard_link/binary_info.c.obj
 .ARM.attributes
                0x00000592       0x2c CMakeFiles/blink.dir/D_/YQRepo/pico/pico-sdk/src/rp2_common/pico_stdio/stdio.c.obj
 .ARM.attributes
                0x000005be       0x2c CMakeFiles/blink.dir/D_/YQRepo/pico/pico-sdk/src/rp2_common/pico_stdio_usb/reset_interface.c.obj
 .ARM.attributes
                0x000005ea       0x2c CMakeFiles/blink.dir/D_/YQRepo/pico/pico-sdk/src/rp2_common/pico_stdio_usb/stdio_usb.c.obj
 .ARM.attributes
                0x00000616       0x2c CMakeFiles/blink.dir/D_/YQRepo/pico/pico-sdk/src/rp2_common/pico_stdio_usb/stdio_usb_descriptors.c.obj
 .ARM.attributes
                0x00000642       0x2c CMakeFiles/blink.dir/D_/YQRepo/pico/pico-sdk/src/rp2_common/pico_unique_id/unique_id.c.obj
 .ARM.attributes
                0x0000066e       0x2c CMakeFiles/blink.dir/D_/YQRepo/pico/pico-sdk/src/rp2_common/hardware_flash/flash.c.obj
 .ARM.attributes
                0x0000069a       0x2c CMakeFiles/blink.dir/D_/YQRepo/pico/pico-sdk/lib/tinyusb/src/portable/raspberrypi/rp2040/dcd_rp2040.c.obj
 .ARM.attributes
                0x000006c6       0x2c CMakeFiles/blink.dir/D_/YQRepo/pico/pico-sdk/lib/tinyusb/src/portable/raspberrypi/rp2040/rp2040_usb.c.obj
 .ARM.attributes
                0x000006f2       0x2c CMakeFiles/blink.dir/D_/YQRepo/pico/pico-sdk/lib/tinyusb/src/device/usbd.c.obj
 .ARM.attributes
                0x0000071e       0x2c CMakeFiles/blink.dir/D_/YQRepo/pico/pico-sdk/lib/tinyusb/src/device/usbd_control.c.obj
 .ARM.attributes
                0x0000074a       0x2c CMakeFiles/blink.dir/D_/YQRepo/pico/pico-sdk/lib/tinyusb/src/class/cdc/cdc_device.c.obj
 .ARM.attributes
                0x00000776       0x2c CMakeFiles/blink.dir/D_/YQRepo/pico/pico-sdk/lib/tinyusb/src/tusb.c.obj
 .ARM.attributes
                0x000007a2       0x2c CMakeFiles/blink.dir/D_/YQRepo/pico/pico-sdk/lib/tinyusb/src/common/tusb_fifo.c.obj
 .ARM.attributes
                0x000007ce       0x22 C:\Users\User\AppData\Local\Temp\ccoiXnvB.o
 .ARM.attributes
                0x000007f0       0x1e c:/progra~2/gnuarm~1/102021~1.10/bin/../lib/gcc/arm-none-eabi/10.3.1/thumb/v6-m/nofp\libgcc.a(_dvmd_tls.o)
 .ARM.attributes
                0x0000080e       0x2c c:/progra~2/gnuarm~1/102021~1.10/bin/../lib/gcc/arm-none-eabi/10.3.1/../../../../arm-none-eabi/lib/thumb/v6-m/nofp\libc.a(lib_a-impure.o)
 .ARM.attributes
                0x0000083a       0x2c c:/progra~2/gnuarm~1/102021~1.10/bin/../lib/gcc/arm-none-eabi/10.3.1/../../../../arm-none-eabi/lib/thumb/v6-m/nofp\libc.a(lib_a-rand.o)
 .ARM.attributes
                0x00000866       0x2c c:/progra~2/gnuarm~1/102021~1.10/bin/../lib/gcc/arm-none-eabi/10.3.1/../../../../arm-none-eabi/lib/thumb/v6-m/nofp\libc.a(lib_a-strlen-stub.o)

.comment        0x00000000       0x49
 .comment       0x00000000       0x49 CMakeFiles/blink.dir/main.c.obj
                                 0x4a (size before relaxing)
 .comment       0x00000049       0x4a CMakeFiles/blink.dir/D_/YQRepo/pico/pico-sdk/src/rp2_common/hardware_gpio/gpio.c.obj
 .comment       0x00000049       0x4a CMakeFiles/blink.dir/D_/YQRepo/pico/pico-sdk/src/rp2_common/pico_platform/platform.c.obj
 .comment       0x00000049       0x4a CMakeFiles/blink.dir/D_/YQRepo/pico/pico-sdk/src/rp2_common/hardware_claim/claim.c.obj
 .comment       0x00000049       0x4a CMakeFiles/blink.dir/D_/YQRepo/pico/pico-sdk/src/rp2_common/hardware_sync/sync.c.obj
 .comment       0x00000049       0x4a CMakeFiles/blink.dir/D_/YQRepo/pico/pico-sdk/src/rp2_common/hardware_irq/irq.c.obj
 .comment       0x00000049       0x4a CMakeFiles/blink.dir/D_/YQRepo/pico/pico-sdk/src/common/pico_sync/lock_core.c.obj
 .comment       0x00000049       0x4a CMakeFiles/blink.dir/D_/YQRepo/pico/pico-sdk/src/common/pico_sync/mutex.c.obj
 .comment       0x00000049       0x4a CMakeFiles/blink.dir/D_/YQRepo/pico/pico-sdk/src/common/pico_sync/critical_section.c.obj
 .comment       0x00000049       0x4a CMakeFiles/blink.dir/D_/YQRepo/pico/pico-sdk/src/common/pico_time/time.c.obj
 .comment       0x00000049       0x4a CMakeFiles/blink.dir/D_/YQRepo/pico/pico-sdk/src/rp2_common/hardware_timer/timer.c.obj
 .comment       0x00000049       0x4a CMakeFiles/blink.dir/D_/YQRepo/pico/pico-sdk/src/common/pico_util/pheap.c.obj
 .comment       0x00000049       0x4a CMakeFiles/blink.dir/D_/YQRepo/pico/pico-sdk/src/rp2_common/hardware_uart/uart.c.obj
 .comment       0x00000049       0x4a CMakeFiles/blink.dir/D_/YQRepo/pico/pico-sdk/src/rp2_common/hardware_clocks/clocks.c.obj
 .comment       0x00000049       0x4a CMakeFiles/blink.dir/D_/YQRepo/pico/pico-sdk/src/rp2_common/hardware_pll/pll.c.obj
 .comment       0x00000049       0x4a CMakeFiles/blink.dir/D_/YQRepo/pico/pico-sdk/src/rp2_common/hardware_watchdog/watchdog.c.obj
 .comment       0x00000049       0x4a CMakeFiles/blink.dir/D_/YQRepo/pico/pico-sdk/src/rp2_common/hardware_xosc/xosc.c.obj
 .comment       0x00000049       0x4a CMakeFiles/blink.dir/D_/YQRepo/pico/pico-sdk/src/rp2_common/pico_runtime/runtime.c.obj
 .comment       0x00000049       0x4a CMakeFiles/blink.dir/D_/YQRepo/pico/pico-sdk/src/rp2_common/pico_printf/printf.c.obj
 .comment       0x00000049       0x4a CMakeFiles/blink.dir/D_/YQRepo/pico/pico-sdk/src/rp2_common/pico_bootrom/bootrom.c.obj
 .comment       0x00000049       0x4a CMakeFiles/blink.dir/D_/YQRepo/pico/pico-sdk/src/rp2_common/pico_double/double_init_rom.c.obj
 .comment       0x00000049       0x4a CMakeFiles/blink.dir/D_/YQRepo/pico/pico-sdk/src/rp2_common/pico_float/float_init_rom.c.obj
 .comment       0x00000049       0x4a CMakeFiles/blink.dir/D_/YQRepo/pico/pico-sdk/src/rp2_common/pico_standard_link/binary_info.c.obj
 .comment       0x00000049       0x4a CMakeFiles/blink.dir/D_/YQRepo/pico/pico-sdk/src/rp2_common/pico_stdio/stdio.c.obj
 .comment       0x00000049       0x4a CMakeFiles/blink.dir/D_/YQRepo/pico/pico-sdk/src/rp2_common/pico_stdio_usb/reset_interface.c.obj
 .comment       0x00000049       0x4a CMakeFiles/blink.dir/D_/YQRepo/pico/pico-sdk/src/rp2_common/pico_stdio_usb/stdio_usb.c.obj
 .comment       0x00000049       0x4a CMakeFiles/blink.dir/D_/YQRepo/pico/pico-sdk/src/rp2_common/pico_stdio_usb/stdio_usb_descriptors.c.obj
 .comment       0x00000049       0x4a CMakeFiles/blink.dir/D_/YQRepo/pico/pico-sdk/src/rp2_common/pico_unique_id/unique_id.c.obj
 .comment       0x00000049       0x4a CMakeFiles/blink.dir/D_/YQRepo/pico/pico-sdk/src/rp2_common/hardware_flash/flash.c.obj
 .comment       0x00000049       0x4a CMakeFiles/blink.dir/D_/YQRepo/pico/pico-sdk/lib/tinyusb/src/portable/raspberrypi/rp2040/dcd_rp2040.c.obj
 .comment       0x00000049       0x4a CMakeFiles/blink.dir/D_/YQRepo/pico/pico-sdk/lib/tinyusb/src/portable/raspberrypi/rp2040/rp2040_usb.c.obj
 .comment       0x00000049       0x4a CMakeFiles/blink.dir/D_/YQRepo/pico/pico-sdk/lib/tinyusb/src/device/usbd.c.obj
 .comment       0x00000049       0x4a CMakeFiles/blink.dir/D_/YQRepo/pico/pico-sdk/lib/tinyusb/src/device/usbd_control.c.obj
 .comment       0x00000049       0x4a CMakeFiles/blink.dir/D_/YQRepo/pico/pico-sdk/lib/tinyusb/src/class/cdc/cdc_device.c.obj
 .comment       0x00000049       0x4a CMakeFiles/blink.dir/D_/YQRepo/pico/pico-sdk/lib/tinyusb/src/tusb.c.obj
 .comment       0x00000049       0x4a CMakeFiles/blink.dir/D_/YQRepo/pico/pico-sdk/lib/tinyusb/src/common/tusb_fifo.c.obj

.debug_frame    0x00000000       0x60
 .debug_frame   0x00000000       0x38 c:/progra~2/gnuarm~1/102021~1.10/bin/../lib/gcc/arm-none-eabi/10.3.1/../../../../arm-none-eabi/lib/thumb/v6-m/nofp\libc.a(lib_a-rand.o)
 .debug_frame   0x00000038       0x28 c:/progra~2/gnuarm~1/102021~1.10/bin/../lib/gcc/arm-none-eabi/10.3.1/../../../../arm-none-eabi/lib/thumb/v6-m/nofp\libc.a(lib_a-strlen-stub.o)